Archive member included because of file (symbol)

c:/ti/ccsv6/tools/compiler/gcc-arm-none-eabi-4_8-2014q3/bin/../lib/gcc/arm-none-eabi/4.8.4/../../../../arm-none-eabi/lib/armv7e-m/fpu\libc.a(lib_a-exit.o)
                              c:/ti/ccsv6/tools/compiler/gcc-arm-none-eabi-4_8-2014q3/bin/../lib/gcc/arm-none-eabi/4.8.4/../../../../arm-none-eabi/lib/armv7e-m/fpu/crt0.o (exit)
c:/ti/ccsv6/tools/compiler/gcc-arm-none-eabi-4_8-2014q3/bin/../lib/gcc/arm-none-eabi/4.8.4/../../../../arm-none-eabi/lib/armv7e-m/fpu\libc.a(lib_a-impure.o)
                              c:/ti/ccsv6/tools/compiler/gcc-arm-none-eabi-4_8-2014q3/bin/../lib/gcc/arm-none-eabi/4.8.4/../../../../arm-none-eabi/lib/armv7e-m/fpu\libc.a(lib_a-exit.o) (_global_impure_ptr)
c:/ti/ccsv6/tools/compiler/gcc-arm-none-eabi-4_8-2014q3/bin/../lib/gcc/arm-none-eabi/4.8.4/../../../../arm-none-eabi/lib/armv7e-m/fpu\libc.a(lib_a-init.o)
                              c:/ti/ccsv6/tools/compiler/gcc-arm-none-eabi-4_8-2014q3/bin/../lib/gcc/arm-none-eabi/4.8.4/../../../../arm-none-eabi/lib/armv7e-m/fpu/crt0.o (__libc_init_array)
c:/ti/ccsv6/tools/compiler/gcc-arm-none-eabi-4_8-2014q3/bin/../lib/gcc/arm-none-eabi/4.8.4/../../../../arm-none-eabi/lib/armv7e-m/fpu\libc.a(lib_a-memset.o)
                              c:/ti/ccsv6/tools/compiler/gcc-arm-none-eabi-4_8-2014q3/bin/../lib/gcc/arm-none-eabi/4.8.4/../../../../arm-none-eabi/lib/armv7e-m/fpu/crt0.o (memset)
c:/ti/ccsv6/tools/compiler/gcc-arm-none-eabi-4_8-2014q3/bin/../lib/gcc/arm-none-eabi/4.8.4/../../../../arm-none-eabi/lib/armv7e-m/fpu\libc.a(lib_a-__call_atexit.o)
                              c:/ti/ccsv6/tools/compiler/gcc-arm-none-eabi-4_8-2014q3/bin/../lib/gcc/arm-none-eabi/4.8.4/../../../../arm-none-eabi/lib/armv7e-m/fpu\libc.a(lib_a-exit.o) (__call_exitprocs)
c:/ti/ccsv6/tools/compiler/gcc-arm-none-eabi-4_8-2014q3/bin/../lib/gcc/arm-none-eabi/4.8.4/../../../../arm-none-eabi/lib/armv7e-m/fpu\libc.a(lib_a-atexit.o)
                              c:/ti/ccsv6/tools/compiler/gcc-arm-none-eabi-4_8-2014q3/bin/../lib/gcc/arm-none-eabi/4.8.4/../../../../arm-none-eabi/lib/armv7e-m/fpu\libc.a(lib_a-__call_atexit.o) (atexit)
c:/ti/ccsv6/tools/compiler/gcc-arm-none-eabi-4_8-2014q3/bin/../lib/gcc/arm-none-eabi/4.8.4/../../../../arm-none-eabi/lib/armv7e-m/fpu\libc.a(lib_a-fini.o)
                              c:/ti/ccsv6/tools/compiler/gcc-arm-none-eabi-4_8-2014q3/bin/../lib/gcc/arm-none-eabi/4.8.4/../../../../arm-none-eabi/lib/armv7e-m/fpu\libc.a(lib_a-__call_atexit.o) (__libc_fini_array)
c:/ti/ccsv6/tools/compiler/gcc-arm-none-eabi-4_8-2014q3/bin/../lib/gcc/arm-none-eabi/4.8.4/../../../../arm-none-eabi/lib/armv7e-m/fpu\libc.a(lib_a-__atexit.o)
                              c:/ti/ccsv6/tools/compiler/gcc-arm-none-eabi-4_8-2014q3/bin/../lib/gcc/arm-none-eabi/4.8.4/../../../../arm-none-eabi/lib/armv7e-m/fpu\libc.a(lib_a-atexit.o) (__register_exitproc)
c:/ti/ccsv6/tools/compiler/gcc-arm-none-eabi-4_8-2014q3/bin/../lib/gcc/arm-none-eabi/4.8.4/../../../../arm-none-eabi/lib/armv7e-m/fpu\libnosys.a(_exit.o)
                              c:/ti/ccsv6/tools/compiler/gcc-arm-none-eabi-4_8-2014q3/bin/../lib/gcc/arm-none-eabi/4.8.4/../../../../arm-none-eabi/lib/armv7e-m/fpu\libc.a(lib_a-exit.o) (_exit)

Allocating common symbols
Common symbol       size              file

sUART               0x4               ./tarefas.o
th7                 0x4               ./main.o
BRTOS_Sem_Table     0xa0              ./brtos/BRTOS.o
g_pui8RxBufferWorkspace
                    0x18              ./USB/usb_serial_structs.o
mutexTx             0x4               ./tarefas.o
BRTOS_Queue_Table   0xf0              ./brtos/BRTOS.o
NumberOfInstalledTasks
                    0x1               ./brtos/BRTOS.o
SPvalue             0x4               ./hal/HAL.o
PriorityVector      0x20              ./brtos/BRTOS.o
SelectedTask        0x1               ./brtos/BRTOS.o
g_ppCompConfigDescriptors
                    0x4               ./usblib/device/usbdcomp.o
qKeyboard           0x4               ./tarefas.o
currentTask         0x1               ./brtos/BRTOS.o
g_psDCDInst         0x50              ./usblib/device/usbdenum.o
QUEUE_STACK         0x400             ./brtos/BRTOS.o
th4                 0x4               ./main.o
text                0x180             ./USB/cdc/usb_terminal_commands.o
thst                0x4               ./main.o
qUART               0x4               ./tarefas.o
g_pui8TxBufferWorkspace
                    0x18              ./USB/usb_serial_structs.o
USB                 0x4               ./USB/cdc/virtual_com.o
sKeyboard           0x4               ./tarefas.o
th5                 0x4               ./main.o
g_pui8USBRxBuffer   0x100             ./USB/usb_serial_structs.o
BRTOS_Mutex_Table   0x30              ./brtos/BRTOS.o
BRTOS_Mbox_Table    0x3c              ./brtos/BRTOS.o
STACK               0x3000            ./brtos/BRTOS.o
[...]
Memory Configuration

Name             Origin             Length             Attributes
FLASH            0x00000000         0x00040000         xr
SRAM             0x20000000         0x00008000         xw
*default*        0x00000000         0xffffffff

Linker script and memory map

LOAD c:/ti/ccsv6/tools/compiler/gcc-arm-none-eabi-4_8-2014q3/bin/../lib/gcc/arm-none-eabi/4.8.4/armv7e-m/fpu/crti.o
LOAD c:/ti/ccsv6/tools/compiler/gcc-arm-none-eabi-4_8-2014q3/bin/../lib/gcc/arm-none-eabi/4.8.4/armv7e-m/fpu/crtbegin.o
LOAD c:/ti/ccsv6/tools/compiler/gcc-arm-none-eabi-4_8-2014q3/bin/../lib/gcc/arm-none-eabi/4.8.4/../../../../arm-none-eabi/lib/armv7e-m/fpu/crt0.o
LOAD ./buttons.o
LOAD ./main.o
LOAD ./rgb.o
LOAD ./tarefas.o
LOAD ./tm4c123gh6pm_startup_ccs_gcc.o
LOAD ./usblib/usbbuffer.o
LOAD ./usblib/usbdesc.o
LOAD ./usblib/usbdma.o
LOAD ./usblib/usbkeyboardmap.o
LOAD ./usblib/usbmode.o
LOAD ./usblib/usbringbuf.o
LOAD ./usblib/usbtick.o
LOAD ./usblib/usbulpi.o
LOAD ./usblib/host/usbhaudio.o
LOAD ./usblib/host/usbhhid.o
LOAD ./usblib/host/usbhhidkeyboard.o
LOAD ./usblib/host/usbhhidmouse.o
LOAD ./usblib/host/usbhhub.o
LOAD ./usblib/host/usbhmsc.o
LOAD ./usblib/host/usbhostenum.o
LOAD ./usblib/host/usbhscsi.o
LOAD ./usblib/device/usbdaudio.o
LOAD ./usblib/device/usbdbulk.o
LOAD ./usblib/device/usbdcdc.o
LOAD ./usblib/device/usbdcdesc.o
LOAD ./usblib/device/usbdcomp.o
LOAD ./usblib/device/usbdconfig.o
LOAD ./usblib/device/usbddfu-rt.o
LOAD ./usblib/device/usbdenum.o
LOAD ./usblib/device/usbdhandler.o
LOAD ./usblib/device/usbdhid.o
LOAD ./usblib/device/usbdhidkeyb.o
LOAD ./usblib/device/usbdhidmouse.o
LOAD ./usblib/device/usbdmsc.o
LOAD ./hal/HAL.o
LOAD ./driverlib/cpu.o
LOAD ./driverlib/fpu.o
LOAD ./driverlib/gpio.o
LOAD ./driverlib/interrupt.o
LOAD ./driverlib/sysctl.o
LOAD ./driverlib/timer.o
LOAD ./driverlib/uart.o
LOAD ./driverlib/usb.o
LOAD ./driverlib/watchdog.o
LOAD ./brtos/BRTOS.o
LOAD ./brtos/OSInfo.o
LOAD ./brtos/OSTime.o
LOAD ./brtos/mbox.o
LOAD ./brtos/mutex.o
LOAD ./brtos/queue.o
LOAD ./brtos/semaphore.o
LOAD ./brtos/stimer.o
LOAD ./USB/usb_serial_structs.o
LOAD ./USB/cdc/usb_terminal.o
LOAD ./USB/cdc/usb_terminal_commands.o
LOAD ./USB/cdc/virtual_com.o
                0x00000000                PROVIDE (_intvecs_base_address, 0x0)

.intvecs        0x00000000      0x26c
 *(.intvecs)
 .intvecs       0x00000000      0x26c ./tm4c123gh6pm_startup_ccs_gcc.o
                0x00000000                g_pfnVectors
                0x20000000                PROVIDE (_vtable_base_address, 0x20000000)

.vtable
 *(.vtable)

.text           0x0000026c    0x1b3e0
 CREATE_OBJECT_SYMBOLS
 *(.text)
 .text          0x0000026c        0x0 c:/ti/ccsv6/tools/compiler/gcc-arm-none-eabi-4_8-2014q3/bin/../lib/gcc/arm-none-eabi/4.8.4/armv7e-m/fpu/crti.o
 .text          0x0000026c       0x54 c:/ti/ccsv6/tools/compiler/gcc-arm-none-eabi-4_8-2014q3/bin/../lib/gcc/arm-none-eabi/4.8.4/armv7e-m/fpu/crtbegin.o
 .text          0x000002c0       0x74 c:/ti/ccsv6/tools/compiler/gcc-arm-none-eabi-4_8-2014q3/bin/../lib/gcc/arm-none-eabi/4.8.4/../../../../arm-none-eabi/lib/armv7e-m/fpu/crt0.o
                0x000002c0                _start
                0x000002c0                _mainCRTStartup
 .text          0x00000334        0x0 ./buttons.o
 .text          0x00000334        0x0 ./main.o
 .text          0x00000334        0x0 ./rgb.o
 .text          0x00000334        0x0 ./tarefas.o
 .text          0x00000334        0x0 ./tm4c123gh6pm_startup_ccs_gcc.o
 .text          0x00000334        0x0 ./usblib/usbbuffer.o
 .text          0x00000334        0x0 ./usblib/usbdesc.o
 .text          0x00000334        0x0 ./usblib/usbdma.o
 .text          0x00000334        0x0 ./usblib/usbkeyboardmap.o
 .text          0x00000334        0x0 ./usblib/usbmode.o
 .text          0x00000334        0x0 ./usblib/usbringbuf.o
 .text          0x00000334        0x0 ./usblib/usbtick.o
 .text          0x00000334        0x0 ./usblib/usbulpi.o
 .text          0x00000334        0x0 ./usblib/host/usbhaudio.o
 .text          0x00000334        0x0 ./usblib/host/usbhhid.o
 .text          0x00000334        0x0 ./usblib/host/usbhhidkeyboard.o
 .text          0x00000334        0x0 ./usblib/host/usbhhidmouse.o
 .text          0x00000334        0x0 ./usblib/host/usbhhub.o
 .text          0x00000334        0x0 ./usblib/host/usbhmsc.o
 .text          0x00000334        0x0 ./usblib/host/usbhostenum.o
 .text          0x00000334        0x0 ./usblib/host/usbhscsi.o
 .text          0x00000334        0x0 ./usblib/device/usbdaudio.o
 .text          0x00000334        0x0 ./usblib/device/usbdbulk.o
 .text          0x00000334        0x0 ./usblib/device/usbdcdc.o
 .text          0x00000334        0x0 ./usblib/device/usbdcdesc.o
 .text          0x00000334        0x0 ./usblib/device/usbdcomp.o
 .text          0x00000334        0x0 ./usblib/device/usbdconfig.o
 .text          0x00000334        0x0 ./usblib/device/usbddfu-rt.o
 .text          0x00000334        0x0 ./usblib/device/usbdenum.o
 .text          0x00000334        0x0 ./usblib/device/usbdhandler.o
 .text          0x00000334        0x0 ./usblib/device/usbdhid.o
 .text          0x00000334        0x0 ./usblib/device/usbdhidkeyb.o
 .text          0x00000334        0x0 ./usblib/device/usbdhidmouse.o
 .text          0x00000334        0x0 ./usblib/device/usbdmsc.o
 .text          0x00000334        0x0 ./hal/HAL.o
 .text          0x00000334        0x0 ./driverlib/cpu.o
 .text          0x00000334        0x0 ./driverlib/fpu.o
 .text          0x00000334        0x0 ./driverlib/gpio.o
 .text          0x00000334        0x0 ./driverlib/interrupt.o
 .text          0x00000334        0x0 ./driverlib/sysctl.o
 .text          0x00000334        0x0 ./driverlib/timer.o
 .text          0x00000334        0x0 ./driverlib/uart.o
 .text          0x00000334        0x0 ./driverlib/usb.o
 .text          0x00000334        0x0 ./driverlib/watchdog.o
 .text          0x00000334        0x0 ./brtos/BRTOS.o
 .text          0x00000334        0x0 ./brtos/OSInfo.o
 .text          0x00000334        0x0 ./brtos/OSTime.o
 .text          0x00000334        0x0 ./brtos/mbox.o
 .text          0x00000334        0x0 ./brtos/mutex.o
 .text          0x00000334        0x0 ./brtos/queue.o
 .text          0x00000334        0x0 ./brtos/semaphore.o
 .text          0x00000334        0x0 ./brtos/stimer.o
 .text          0x00000334        0x0 ./USB/usb_serial_structs.o
 .text          0x00000334        0x0 ./USB/cdc/usb_terminal.o
 .text          0x00000334        0x0 ./USB/cdc/usb_terminal_commands.o
 .text          0x00000334        0x0 ./USB/cdc/virtual_com.o
 .text          0x00000334        0x0 c:/ti/ccsv6/tools/compiler/gcc-arm-none-eabi-4_8-2014q3/bin/../lib/gcc/arm-none-eabi/4.8.4/../../../../arm-none-eabi/lib/armv7e-m/fpu\libc.a(lib_a-exit.o)
 .text          0x00000334        0x0 c:/ti/ccsv6/tools/compiler/gcc-arm-none-eabi-4_8-2014q3/bin/../lib/gcc/arm-none-eabi/4.8.4/../../../../arm-none-eabi/lib/armv7e-m/fpu\libc.a(lib_a-impure.o)
 .text          0x00000334        0x0 c:/ti/ccsv6/tools/compiler/gcc-arm-none-eabi-4_8-2014q3/bin/../lib/gcc/arm-none-eabi/4.8.4/../../../../arm-none-eabi/lib/armv7e-m/fpu\libc.a(lib_a-init.o)
 .text          0x00000334        0x0 c:/ti/ccsv6/tools/compiler/gcc-arm-none-eabi-4_8-2014q3/bin/../lib/gcc/arm-none-eabi/4.8.4/../../../../arm-none-eabi/lib/armv7e-m/fpu\libc.a(lib_a-memset.o)
 .text          0x00000334        0x0 c:/ti/ccsv6/tools/compiler/gcc-arm-none-eabi-4_8-2014q3/bin/../lib/gcc/arm-none-eabi/4.8.4/../../../../arm-none-eabi/lib/armv7e-m/fpu\libc.a(lib_a-__call_atexit.o)
 .text          0x00000334        0x0 c:/ti/ccsv6/tools/compiler/gcc-arm-none-eabi-4_8-2014q3/bin/../lib/gcc/arm-none-eabi/4.8.4/../../../../arm-none-eabi/lib/armv7e-m/fpu\libc.a(lib_a-atexit.o)
 .text          0x00000334        0x0 c:/ti/ccsv6/tools/compiler/gcc-arm-none-eabi-4_8-2014q3/bin/../lib/gcc/arm-none-eabi/4.8.4/../../../../arm-none-eabi/lib/armv7e-m/fpu\libc.a(lib_a-fini.o)
 .text          0x00000334        0x0 c:/ti/ccsv6/tools/compiler/gcc-arm-none-eabi-4_8-2014q3/bin/../lib/gcc/arm-none-eabi/4.8.4/../../../../arm-none-eabi/lib/armv7e-m/fpu\libc.a(lib_a-__atexit.o)
 .text          0x00000334        0x0 c:/ti/ccsv6/tools/compiler/gcc-arm-none-eabi-4_8-2014q3/bin/../lib/gcc/arm-none-eabi/4.8.4/../../../../arm-none-eabi/lib/armv7e-m/fpu\libnosys.a(_exit.o)
 .text          0x00000334        0x0 c:/ti/ccsv6/tools/compiler/gcc-arm-none-eabi-4_8-2014q3/bin/../lib/gcc/arm-none-eabi/4.8.4/armv7e-m/fpu/crtend.o
 .text          0x00000334        0x0 c:/ti/ccsv6/tools/compiler/gcc-arm-none-eabi-4_8-2014q3/bin/../lib/gcc/arm-none-eabi/4.8.4/armv7e-m/fpu/crtn.o
 *(.text.*)
 .text.ButtonsPoll
                0x00000334       0xf8 ./buttons.o
                0x00000334                ButtonsPoll
 .text.ButtonsInit
                0x0000042c       0x88 ./buttons.o
                0x0000042c                ButtonsInit
 .text.ButtonsHandler
                0x000004b4       0x34 ./buttons.o
                0x000004b4                ButtonsHandler
 .text.main     0x000004e8      0x178 ./main.o
                0x000004e8                main
 .text.RGBInit  0x00000660       0xd0 ./rgb.o
                0x00000660                RGBInit
 .text.RGBEnable
                0x00000730       0x8c ./rgb.o
                0x00000730                RGBEnable
 .text.RGBDisable
                0x000007bc       0x48 ./rgb.o
                0x000007bc                RGBDisable
 .text.RGBSet   0x00000804       0x20 ./rgb.o
                0x00000804                RGBSet
 .text.RGBColorSet
                0x00000824       0xcc ./rgb.o
                0x00000824                RGBColorSet
 .text.RGBIntensitySet
                0x000008f0       0x24 ./rgb.o
                0x000008f0                RGBIntensitySet
 .text.RGBColorGet
                0x00000914       0x3c ./rgb.o
                0x00000914                RGBColorGet
 .text.System_Time
                0x00000950       0x34 ./tarefas.o
                0x00000950                System_Time
 .text.exec     0x00000984       0x2c ./tarefas.o
                0x00000984                exec
 .text.exec2    0x000009b0       0x2c ./tarefas.o
                0x000009b0                exec2
 .text.exec3    0x000009dc       0x7c ./tarefas.o
                0x000009dc                exec3
 .text.Keyboard_Handler
                0x00000a58       0x98 ./tarefas.o
                0x00000a58                Keyboard_Handler
 .text.Keyb_Task
                0x00000af0       0xdc ./tarefas.o
                0x00000af0                Keyb_Task
 .text.Terminal
                0x00000bcc      0x10c ./tarefas.o
                0x00000bcc                Terminal
 .text.UARTIntHandler
                0x00000cd8       0xa0 ./tarefas.o
                0x00000cd8                UARTIntHandler
 .text.UARTPutChar
                0x00000d78       0x58 ./tarefas.o
                0x00000d78                UARTPutChar
 .text.UARTPutString
                0x00000dd0       0x68 ./tarefas.o
                0x00000dd0                UARTPutString
 .text.USB_Task
                0x00000e38       0x94 ./tarefas.o
                0x00000e38                USB_Task
 .text.ResetISR
                0x00000ecc       0x6c ./tm4c123gh6pm_startup_ccs_gcc.o
                0x00000ecc                ResetISR
 .text.NmiSR    0x00000f38        0x8 ./tm4c123gh6pm_startup_ccs_gcc.o
 .text.FaultISR
                0x00000f40        0x8 ./tm4c123gh6pm_startup_ccs_gcc.o
 .text.IntDefaultHandler
                0x00000f48        0x8 ./tm4c123gh6pm_startup_ccs_gcc.o
 .text.ScheduleNextTransmission
                0x00000f50      0x10c ./usblib/usbbuffer.o
 .text.HandleRxAvailable
                0x0000105c      0x134 ./usblib/usbbuffer.o
 .text.HandleDataRemaining
                0x00001190       0x3c ./usblib/usbbuffer.o
 .text.HandleTxComplete
                0x000011cc       0x2c ./usblib/usbbuffer.o
 .text.HandleRequestBuffer
                0x000011f8       0x48 ./usblib/usbbuffer.o
 .text.USBBufferInit
                0x00001240       0x34 ./usblib/usbbuffer.o
                0x00001240                USBBufferInit
 .text.USBBufferZeroLengthPacketInsert
                0x00001274       0x3c ./usblib/usbbuffer.o
                0x00001274                USBBufferZeroLengthPacketInsert
 .text.USBBufferInfoGet
                0x000012b0       0x24 ./usblib/usbbuffer.o
                0x000012b0                USBBufferInfoGet
 .text.USBBufferDataWritten
                0x000012d4       0x2c ./usblib/usbbuffer.o
                0x000012d4                USBBufferDataWritten
 .text.USBBufferDataRemoved
                0x00001300       0x28 ./usblib/usbbuffer.o
                0x00001300                USBBufferDataRemoved
 .text.USBBufferCallbackDataSet
                0x00001328       0x24 ./usblib/usbbuffer.o
                0x00001328                USBBufferCallbackDataSet
 .text.USBBufferWrite
                0x0000134c       0x4c ./usblib/usbbuffer.o
                0x0000134c                USBBufferWrite
 .text.USBBufferFlush
                0x00001398       0x1c ./usblib/usbbuffer.o
                0x00001398                USBBufferFlush
 .text.USBBufferRead
                0x000013b4       0x44 ./usblib/usbbuffer.o
                0x000013b4                USBBufferRead
 .text.USBBufferDataAvailable
                0x000013f8       0x20 ./usblib/usbbuffer.o
                0x000013f8                USBBufferDataAvailable
 .text.USBBufferSpaceAvailable
                0x00001418       0x20 ./usblib/usbbuffer.o
                0x00001418                USBBufferSpaceAvailable
 .text.USBBufferEventCallback
                0x00001438       0xa8 ./usblib/usbbuffer.o
                0x00001438                USBBufferEventCallback
 .text.USBDescGetNum
                0x000014e0       0x60 ./usblib/usbdesc.o
                0x000014e0                USBDescGetNum
 .text.USBDescGet
                0x00001540       0x6c ./usblib/usbdesc.o
                0x00001540                USBDescGet
 .text.USBDescGetNumAlternateInterfaces
                0x000015ac       0x64 ./usblib/usbdesc.o
                0x000015ac                USBDescGetNumAlternateInterfaces
 .text.USBDescGetAlternateInterface
                0x00001610       0x70 ./usblib/usbdesc.o
 .text.USBDescGetInterface
                0x00001680       0x44 ./usblib/usbdesc.o
                0x00001680                USBDescGetInterface
 .text.USBDescGetInterfaceEndpoint
                0x000016c4       0x34 ./usblib/usbdesc.o
                0x000016c4                USBDescGetInterfaceEndpoint
 .text.uDMAUSBChannelStatus
                0x000016f8       0x58 ./usblib/usbdma.o
 .text.iDMAUSBChannelStatus
                0x00001750       0x70 ./usblib/usbdma.o
 .text.uDMAUSBIntStatus
                0x000017c0       0x74 ./usblib/usbdma.o
 .text.iDMAUSBIntStatus
                0x00001834       0x1c ./usblib/usbdma.o
 .text.DMAUSBIntStatusClear
                0x00001850       0x28 ./usblib/usbdma.o
 .text.DMAUSBIntHandler
                0x00001878       0x74 ./usblib/usbdma.o
 .text.uDMAUSBChannelEnable
                0x000018ec       0xf0 ./usblib/usbdma.o
 .text.iDMAUSBChannelEnable
                0x000019dc       0x9c ./usblib/usbdma.o
 .text.uDMAUSBChannelDisable
                0x00001a78       0xb8 ./usblib/usbdma.o
 .text.iDMAUSBChannelDisable
                0x00001b30       0x64 ./usblib/usbdma.o
 .text.uDMAUSBChannelIntEnable
                0x00001b94       0x14 ./usblib/usbdma.o
 .text.iDMAUSBChannelIntEnable
                0x00001ba8       0x20 ./usblib/usbdma.o
 .text.uDMAUSBChannelIntDisable
                0x00001bc8       0x14 ./usblib/usbdma.o
 .text.iDMAUSBChannelIntDisable
                0x00001bdc       0x20 ./usblib/usbdma.o
 .text.uDMAUSBTransfer
                0x00001bfc      0x1bc ./usblib/usbdma.o
 .text.iDMAUSBTransfer
                0x00001db8      0x274 ./usblib/usbdma.o
 .text.uDMAUSBChannelAllocate
                0x0000202c      0x190 ./usblib/usbdma.o
 .text.iDMAUSBChannelAllocate
                0x000021bc      0x100 ./usblib/usbdma.o
 .text.uDMAUSBChannelRelease
                0x000022bc       0xe4 ./usblib/usbdma.o
 .text.iDMAUSBChannelRelease
                0x000023a0       0x80 ./usblib/usbdma.o
 .text.uDMAUSBUnitSizeSet
                0x00002420      0x104 ./usblib/usbdma.o
 .text.iDMAUSBUnitSizeSet
                0x00002524       0x18 ./usblib/usbdma.o
 .text.uDMAUSBArbSizeSet
                0x0000253c       0xe4 ./usblib/usbdma.o
 .text.iDMAUSBArbSizeSet
                0x00002620       0x18 ./usblib/usbdma.o
 .text.DMAUSBStatus
                0x00002638       0x18 ./usblib/usbdma.o
 .text.USBLibDMAAddrGet
                0x00002650       0x24 ./usblib/usbdma.o
                0x00002650                USBLibDMAAddrGet
 .text.USBLibDMASizeGet
                0x00002674       0x24 ./usblib/usbdma.o
                0x00002674                USBLibDMASizeGet
 .text.USBLibDMAInit
                0x00002698      0x1cc ./usblib/usbdma.o
                0x00002698                USBLibDMAInit
 .text.USBOTGSetMode
                0x00002864       0x9c ./usblib/usbmode.o
 .text.USBStackModeSet
                0x00002900       0x48 ./usblib/usbmode.o
                0x00002900                USBStackModeSet
 .text.USB0DualModeIntHandler
                0x00002948       0x68 ./usblib/usbmode.o
                0x00002948                USB0DualModeIntHandler
 .text.USBDualModeInit
                0x000029b0       0x90 ./usblib/usbmode.o
                0x000029b0                USBDualModeInit
 .text.USBDualModeTerm
                0x00002a40       0x50 ./usblib/usbmode.o
                0x00002a40                USBDualModeTerm
 .text.USBOTGModeTerm
                0x00002a90       0x54 ./usblib/usbmode.o
                0x00002a90                USBOTGModeTerm
 .text.USBOTGModeInit
                0x00002ae4       0xf4 ./usblib/usbmode.o
                0x00002ae4                USBOTGModeInit
 .text.USBOTGRemovePower
                0x00002bd8       0x44 ./usblib/usbmode.o
 .text.USBOTGPollRate
                0x00002c1c       0x20 ./usblib/usbmode.o
                0x00002c1c                USBOTGPollRate
 .text.USB0OTGModeIntHandler
                0x00002c3c      0x10c ./usblib/usbmode.o
                0x00002c3c                USB0OTGModeIntHandler
 .text.OTGDeviceDisconnect
                0x00002d48       0x28 ./usblib/usbmode.o
                0x00002d48                OTGDeviceDisconnect
 .text.USBOTGMain
                0x00002d70       0xc8 ./usblib/usbmode.o
                0x00002d70                USBOTGMain
 .text.USBOTGFeatureSet
                0x00002e38       0x50 ./usblib/usbmode.o
                0x00002e38                USBOTGFeatureSet
 .text.UpdateIndexAtomic
                0x00002e88       0x50 ./usblib/usbringbuf.o
 .text.USBRingBufFull
                0x00002ed8       0x40 ./usblib/usbringbuf.o
                0x00002ed8                USBRingBufFull
 .text.USBRingBufEmpty
                0x00002f18       0x30 ./usblib/usbringbuf.o
                0x00002f18                USBRingBufEmpty
 .text.USBRingBufFlush
                0x00002f48       0x30 ./usblib/usbringbuf.o
                0x00002f48                USBRingBufFlush
 .text.USBRingBufUsed
                0x00002f78       0x3c ./usblib/usbringbuf.o
                0x00002f78                USBRingBufUsed
 .text.USBRingBufFree
                0x00002fb4       0x20 ./usblib/usbringbuf.o
                0x00002fb4                USBRingBufFree
 .text.USBRingBufContigUsed
                0x00002fd4       0x38 ./usblib/usbringbuf.o
                0x00002fd4                USBRingBufContigUsed
 .text.USBRingBufContigFree
                0x0000300c       0x48 ./usblib/usbringbuf.o
                0x0000300c                USBRingBufContigFree
 .text.USBRingBufSize
                0x00003054       0x18 ./usblib/usbringbuf.o
                0x00003054                USBRingBufSize
 .text.USBRingBufReadOne
                0x0000306c       0x34 ./usblib/usbringbuf.o
                0x0000306c                USBRingBufReadOne
 .text.USBRingBufRead
                0x000030a0       0x38 ./usblib/usbringbuf.o
                0x000030a0                USBRingBufRead
 .text.USBRingBufAdvanceRead
                0x000030d8       0x38 ./usblib/usbringbuf.o
                0x000030d8                USBRingBufAdvanceRead
 .text.USBRingBufAdvanceWrite
                0x00003110       0x6c ./usblib/usbringbuf.o
                0x00003110                USBRingBufAdvanceWrite
 .text.USBRingBufWriteOne
                0x0000317c       0x34 ./usblib/usbringbuf.o
                0x0000317c                USBRingBufWriteOne
 .text.USBRingBufWrite
                0x000031b0       0x38 ./usblib/usbringbuf.o
                0x000031b0                USBRingBufWrite
 .text.USBRingBufInit
                0x000031e8       0x2c ./usblib/usbringbuf.o
                0x000031e8                USBRingBufInit
 .text.InternalUSBTickInit
                0x00003214       0x58 ./usblib/usbtick.o
                0x00003214                InternalUSBTickInit
 .text.InternalUSBTickReset
                0x0000326c       0x18 ./usblib/usbtick.o
                0x0000326c                InternalUSBTickReset
 .text.InternalUSBRegisterTickHandler
                0x00003284       0x60 ./usblib/usbtick.o
                0x00003284                InternalUSBRegisterTickHandler
 .text.InternalUSBStartOfFrameTick
                0x000032e4       0x5c ./usblib/usbtick.o
                0x000032e4                InternalUSBStartOfFrameTick
 .text.ULPIConfigSet
                0x00003340       0x94 ./usblib/usbulpi.o
                0x00003340                ULPIConfigSet
 .text.ULPIPowerTransceiver
                0x000033d4       0x30 ./usblib/usbulpi.o
                0x000033d4                ULPIPowerTransceiver
 .text.PipeCallbackIN
                0x00003404       0x34 ./usblib/host/usbhaudio.o
 .text.PipeCallbackOUT
                0x00003438       0x34 ./usblib/host/usbhaudio.o
 .text.AudioTerminalGet
                0x0000346c       0x8c ./usblib/host/usbhaudio.o
 .text.AudioControlGet
                0x000034f8       0x64 ./usblib/host/usbhaudio.o
 .text.AudioGetInterface
                0x0000355c      0x2f4 ./usblib/host/usbhaudio.o
 .text.USBAudioOpen
                0x00003850      0x118 ./usblib/host/usbhaudio.o
 .text.USBAudioClose
                0x00003968       0x60 ./usblib/host/usbhaudio.o
 .text.USBHostAudioOpen
                0x000039c8       0x34 ./usblib/host/usbhaudio.o
                0x000039c8                USBHostAudioOpen
 .text.USBHostAudioClose
                0x000039fc       0x1c ./usblib/host/usbhaudio.o
                0x000039fc                USBHostAudioClose
 .text.VolumeSettingGet
                0x00003a18       0x70 ./usblib/host/usbhaudio.o
 .text.USBHostAudioVolumeGet
                0x00003a88       0x24 ./usblib/host/usbhaudio.o
                0x00003a88                USBHostAudioVolumeGet
 .text.USBHostAudioVolumeMaxGet
                0x00003aac       0x24 ./usblib/host/usbhaudio.o
                0x00003aac                USBHostAudioVolumeMaxGet
 .text.USBHostAudioVolumeMinGet
                0x00003ad0       0x24 ./usblib/host/usbhaudio.o
                0x00003ad0                USBHostAudioVolumeMinGet
 .text.USBHostAudioVolumeResGet
                0x00003af4       0x24 ./usblib/host/usbhaudio.o
                0x00003af4                USBHostAudioVolumeResGet
 .text.USBHostAudioVolumeSet
                0x00003b18       0x58 ./usblib/host/usbhaudio.o
                0x00003b18                USBHostAudioVolumeSet
 .text.USBHostAudioFormatGet
                0x00003b70       0x3c ./usblib/host/usbhaudio.o
                0x00003b70                USBHostAudioFormatGet
 .text.USBHostAudioFormatSet
                0x00003bac       0x74 ./usblib/host/usbhaudio.o
                0x00003bac                USBHostAudioFormatSet
 .text.USBHostAudioPlay
                0x00003c20       0x98 ./usblib/host/usbhaudio.o
                0x00003c20                USBHostAudioPlay
 .text.USBHostAudioRecord
                0x00003cb8       0x98 ./usblib/host/usbhaudio.o
                0x00003cb8                USBHostAudioRecord
 .text.USBHostAudioLPMSleep
                0x00003d50       0x1c ./usblib/host/usbhaudio.o
                0x00003d50                USBHostAudioLPMSleep
 .text.USBHostAudioLPMStatus
                0x00003d6c       0x1c ./usblib/host/usbhaudio.o
                0x00003d6c                USBHostAudioLPMStatus
 .text.USBHHIDOpen
                0x00003d88       0x94 ./usblib/host/usbhhid.o
                0x00003d88                USBHHIDOpen
 .text.USBHHIDClose
                0x00003e1c       0x20 ./usblib/host/usbhhid.o
                0x00003e1c                USBHHIDClose
 .text.HIDIntINCallback
                0x00003e3c       0x84 ./usblib/host/usbhhid.o
 .text.HIDDriverOpen
                0x00003ec0      0x16c ./usblib/host/usbhhid.o
 .text.HIDDriverClose
                0x0000402c       0x48 ./usblib/host/usbhhid.o
 .text.USBHHIDSetIdle
                0x00004074       0x58 ./usblib/host/usbhhid.o
                0x00004074                USBHHIDSetIdle
 .text.USBHHIDGetReportDescriptor
                0x000040cc       0x54 ./usblib/host/usbhhid.o
                0x000040cc                USBHHIDGetReportDescriptor
 .text.USBHHIDSetProtocol
                0x00004120       0x58 ./usblib/host/usbhhid.o
                0x00004120                USBHHIDSetProtocol
 .text.USBHHIDGetReport
                0x00004178       0x28 ./usblib/host/usbhhid.o
                0x00004178                USBHHIDGetReport
 .text.USBHHIDSetReport
                0x000041a0       0x54 ./usblib/host/usbhhid.o
                0x000041a0                USBHHIDSetReport
 .text.USBHHIDLPMSleep
                0x000041f4       0x1c ./usblib/host/usbhhid.o
                0x000041f4                USBHHIDLPMSleep
 .text.USBHHIDLPMStatus
                0x00004210       0x1c ./usblib/host/usbhhid.o
                0x00004210                USBHHIDLPMStatus
 .text.USBHKeyboardOpen
                0x0000422c       0x34 ./usblib/host/usbhhidkeyboard.o
                0x0000422c                USBHKeyboardOpen
 .text.USBHKeyboardClose
                0x00004260       0x24 ./usblib/host/usbhhidkeyboard.o
                0x00004260                USBHKeyboardClose
 .text.USBHKeyboardUsageToChar
                0x00004284       0xd0 ./usblib/host/usbhhidkeyboard.o
                0x00004284                USBHKeyboardUsageToChar
 .text.USBHKeyboardModifierSet
                0x00004354       0x30 ./usblib/host/usbhhidkeyboard.o
                0x00004354                USBHKeyboardModifierSet
 .text.USBHKeyboardInit
                0x00004384       0x58 ./usblib/host/usbhhidkeyboard.o
                0x00004384                USBHKeyboardInit
 .text.USBHKeyboardPollRateSet
                0x000043dc       0x28 ./usblib/host/usbhhidkeyboard.o
                0x000043dc                USBHKeyboardPollRateSet
 .text.UpdateKeyboardState
                0x00004404      0x160 ./usblib/host/usbhhidkeyboard.o
 .text.USBHKeyboardCallback
                0x00004564       0x80 ./usblib/host/usbhhidkeyboard.o
 .text.USBHKeyboardLPMSleep
                0x000045e4       0x1c ./usblib/host/usbhhidkeyboard.o
                0x000045e4                USBHKeyboardLPMSleep
 .text.USBHKeyboardLPMStatus
                0x00004600       0x1c ./usblib/host/usbhhidkeyboard.o
                0x00004600                USBHKeyboardLPMStatus
 .text.USBHMouseOpen
                0x0000461c       0x40 ./usblib/host/usbhhidmouse.o
                0x0000461c                USBHMouseOpen
 .text.USBHMouseClose
                0x0000465c       0x24 ./usblib/host/usbhhidmouse.o
                0x0000465c                USBHMouseClose
 .text.USBHMouseInit
                0x00004680       0x44 ./usblib/host/usbhhidmouse.o
                0x00004680                USBHMouseInit
 .text.UpdateMouseState
                0x000046c4       0xc4 ./usblib/host/usbhhidmouse.o
 .text.USBHMouseCallback
                0x00004788       0x80 ./usblib/host/usbhhidmouse.o
 .text.USBHMouseLPMSleep
                0x00004808       0x1c ./usblib/host/usbhhidmouse.o
                0x00004808                USBHMouseLPMSleep
 .text.USBHMouseLPMStatus
                0x00004824       0x1c ./usblib/host/usbhhidmouse.o
                0x00004824                USBHMouseLPMStatus
 .text.USBHubPortSpeedSet
                0x00004840       0x30 ./usblib/host/usbhhub.o
 .text.HubSetPortFeature
                0x00004870       0x50 ./usblib/host/usbhhub.o
 .text.HubClearPortFeature
                0x000048c0       0x50 ./usblib/host/usbhhub.o
 .text.HubGetPortStatus
                0x00004910       0x74 ./usblib/host/usbhhub.o
 .text.HubIntINCallback
                0x00004984       0x70 ./usblib/host/usbhhub.o
 .text.GetHubDescriptor
                0x000049f4       0x5c ./usblib/host/usbhhub.o
 .text.HubDriverOpen
                0x00004a50      0x1dc ./usblib/host/usbhhub.o
 .text.HubDriverClose
                0x00004c2c      0x104 ./usblib/host/usbhhub.o
 .text.HubDriverReset
                0x00004d30       0x94 ./usblib/host/usbhhub.o
 .text.HubDriverDeviceReset
                0x00004dc4       0x44 ./usblib/host/usbhhub.o
 .text.HubDriverDeviceConnect
                0x00004e08       0x58 ./usblib/host/usbhhub.o
 .text.HubDriverDeviceDisconnect
                0x00004e60       0xf0 ./usblib/host/usbhhub.o
 .text.USBHHubMain
                0x00004f50      0x2d8 ./usblib/host/usbhhub.o
                0x00004f50                USBHHubMain
 .text.USBHHubEnumerationComplete
                0x00005228       0x38 ./usblib/host/usbhhub.o
                0x00005228                USBHHubEnumerationComplete
 .text.USBHHubEnumerationError
                0x00005260       0x38 ./usblib/host/usbhhub.o
                0x00005260                USBHHubEnumerationError
 .text.USBHHubOpen
                0x00005298       0x30 ./usblib/host/usbhhub.o
                0x00005298                USBHHubOpen
 .text.USBHHubClose
                0x000052c8       0x20 ./usblib/host/usbhhub.o
                0x000052c8                USBHHubClose
 .text.USBHHubInit
                0x000052e8       0x58 ./usblib/host/usbhhub.o
                0x000052e8                USBHHubInit
 .text.USBHHubLPMSleep
                0x00005340       0x1c ./usblib/host/usbhhub.o
                0x00005340                USBHHubLPMSleep
 .text.USBHHubLPMStatus
                0x0000535c       0x1c ./usblib/host/usbhhub.o
                0x0000535c                USBHHubLPMStatus
 .text.USBHMSCOpen
                0x00005378      0x110 ./usblib/host/usbhmsc.o
 .text.USBHMSCClose
                0x00005488       0x5c ./usblib/host/usbhmsc.o
 .text.USBHMSCGetMaxLUN
                0x000054e4       0x4c ./usblib/host/usbhmsc.o
 .text.USBHMSCDriveReady
                0x00005530      0x180 ./usblib/host/usbhmsc.o
                0x00005530                USBHMSCDriveReady
 .text.USBHMSCDriveOpen
                0x000056b0       0x34 ./usblib/host/usbhmsc.o
                0x000056b0                USBHMSCDriveOpen
 .text.USBHMSCDriveClose
                0x000056e4       0x1c ./usblib/host/usbhmsc.o
                0x000056e4                USBHMSCDriveClose
 .text.USBHMSCBlockRead
                0x00005700       0x5c ./usblib/host/usbhmsc.o
                0x00005700                USBHMSCBlockRead
 .text.USBHMSCBlockWrite
                0x0000575c       0x5c ./usblib/host/usbhmsc.o
                0x0000575c                USBHMSCBlockWrite
 .text.USBHMSCLPMSleep
                0x000057b8       0x1c ./usblib/host/usbhmsc.o
                0x000057b8                USBHMSCLPMSleep
 .text.USBHMSCLPMStatus
                0x000057d4       0x1c ./usblib/host/usbhmsc.o
                0x000057d4                USBHMSCLPMStatus
 .text.ConfigDescAlloc
                0x000057f0       0xc4 ./usblib/host/usbhostenum.o
                0x000057f0                ConfigDescAlloc
 .text.ConfigDescFree
                0x000058b4       0x84 ./usblib/host/usbhostenum.o
                0x000058b4                ConfigDescFree
 .text.HCDInstanceToDevIndex
                0x00005938       0x28 ./usblib/host/usbhostenum.o
 .text.GetEventFlag
                0x00005960       0xc0 ./usblib/host/usbhostenum.o
 .text.USBHCDEventEnable
                0x00005a20       0x40 ./usblib/host/usbhostenum.o
                0x00005a20                USBHCDEventEnable
 .text.USBHCDEventDisable
                0x00005a60       0x44 ./usblib/host/usbhostenum.o
                0x00005a60                USBHCDEventDisable
 .text.SendUnknownConnect
                0x00005aa4       0x28 ./usblib/host/usbhostenum.o
 .text.FIFOFree
                0x00005acc       0x60 ./usblib/host/usbhostenum.o
 .text.FIFOAlloc
                0x00005b2c      0x114 ./usblib/host/usbhostenum.o
 .text.USBHCDPipeTransferSizeGet
                0x00005c40       0x30 ./usblib/host/usbhostenum.o
                0x00005c40                USBHCDPipeTransferSizeGet
 .text.USBHCDPipeAllocSize
                0x00005c70      0x398 ./usblib/host/usbhostenum.o
                0x00005c70                USBHCDPipeAllocSize
 .text.USBHCDPipeAlloc
                0x00006008       0x28 ./usblib/host/usbhostenum.o
                0x00006008                USBHCDPipeAlloc
 .text.USBHCDPipeConfig
                0x00006030      0x200 ./usblib/host/usbhostenum.o
                0x00006030                USBHCDPipeConfig
 .text.USBHCDPipeStatus
                0x00006230       0x18 ./usblib/host/usbhostenum.o
                0x00006230                USBHCDPipeStatus
 .text.USBHCDPipeWrite
                0x00006248      0x254 ./usblib/host/usbhostenum.o
                0x00006248                USBHCDPipeWrite
 .text.USBHCDPipeSchedule
                0x0000649c      0x170 ./usblib/host/usbhostenum.o
                0x0000649c                USBHCDPipeSchedule
 .text.USBHCDPipeReadNonBlocking
                0x0000660c       0x64 ./usblib/host/usbhostenum.o
                0x0000660c                USBHCDPipeReadNonBlocking
 .text.USBHCDPipeDataAck
                0x00006670       0x40 ./usblib/host/usbhostenum.o
                0x00006670                USBHCDPipeDataAck
 .text.USBHCDPipeRead
                0x000066b0      0x2a8 ./usblib/host/usbhostenum.o
                0x000066b0                USBHCDPipeRead
 .text.USBHCDPipeFree
                0x00006958      0x1f8 ./usblib/host/usbhostenum.o
                0x00006958                USBHCDPipeFree
 .text.USBHCDInitInternal
                0x00006b50      0x2bc ./usblib/host/usbhostenum.o
 .text.USBHCDPowerConfigInit
                0x00006e0c       0x20 ./usblib/host/usbhostenum.o
                0x00006e0c                USBHCDPowerConfigInit
 .text.USBHCDPowerConfigGet
                0x00006e2c       0x1c ./usblib/host/usbhostenum.o
                0x00006e2c                USBHCDPowerConfigGet
 .text.USBHCDPowerConfigSet
                0x00006e48       0x9c ./usblib/host/usbhostenum.o
                0x00006e48                USBHCDPowerConfigSet
 .text.USBHCDPowerAutomatic
                0x00006ee4       0x2c ./usblib/host/usbhostenum.o
                0x00006ee4                USBHCDPowerAutomatic
 .text.USBHCDInit
                0x00006f10      0x158 ./usblib/host/usbhostenum.o
                0x00006f10                USBHCDInit
 .text.USBHCDRegisterDrivers
                0x00007068       0x2c ./usblib/host/usbhostenum.o
                0x00007068                USBHCDRegisterDrivers
 .text.USBHCDTerm
                0x00007094       0xf4 ./usblib/host/usbhostenum.o
                0x00007094                USBHCDTerm
 .text.USBHCDReset
                0x00007188       0x70 ./usblib/host/usbhostenum.o
                0x00007188                USBHCDReset
 .text.USBHCDSuspend
                0x000071f8       0x24 ./usblib/host/usbhostenum.o
                0x000071f8                USBHCDSuspend
 .text.USBHCDResume
                0x0000721c       0x50 ./usblib/host/usbhostenum.o
                0x0000721c                USBHCDResume
 .text.USBHCDGetConfigDescriptor
                0x0000726c       0xb8 ./usblib/host/usbhostenum.o
 .text.USBHCDGetDeviceDescriptor
                0x00007324       0x7c ./usblib/host/usbhostenum.o
 .text.USBHCDStringDescriptorGet
                0x000073a0       0x5c ./usblib/host/usbhostenum.o
                0x000073a0                USBHCDStringDescriptorGet
 .text.USBHCDSetAddress
                0x000073fc       0x6c ./usblib/host/usbhostenum.o
                0x000073fc                USBHCDSetAddress
 .text.USBHCDClearFeature
                0x00007468       0xec ./usblib/host/usbhostenum.o
 .text.USBHCDSetConfig
                0x00007554       0x44 ./usblib/host/usbhostenum.o
                0x00007554                USBHCDSetConfig
 .text.USBHCDSetInterface
                0x00007598       0x48 ./usblib/host/usbhostenum.o
                0x00007598                USBHCDSetInterface
 .text.USBHostCheckPipes
                0x000075e0      0x114 ./usblib/host/usbhostenum.o
                0x000075e0                USBHostCheckPipes
 .text.USBHostIntHandlerInternal
                0x000076f4      0xa50 ./usblib/host/usbhostenum.o
                0x000076f4                USBHostIntHandlerInternal
 .text.USB0HostIntHandler
                0x00008144       0x2c ./usblib/host/usbhostenum.o
                0x00008144                USB0HostIntHandler
 .text.USBHCDOpenDriver
                0x00008170      0x100 ./usblib/host/usbhostenum.o
 .text.InternalUSBHCDSendEvent
                0x00008270       0x60 ./usblib/host/usbhostenum.o
                0x00008270                InternalUSBHCDSendEvent
 .text.USBHCDDeviceDisconnected
                0x000082d0      0x118 ./usblib/host/usbhostenum.o
 .text.USBHCDMain
                0x000083e8      0x1a4 ./usblib/host/usbhostenum.o
                0x000083e8                USBHCDMain
 .text.ProcessUSBDeviceStateMachine
                0x0000858c      0x3b4 ./usblib/host/usbhostenum.o
 .text.USBHCDControlTransfer
                0x00008940      0x190 ./usblib/host/usbhostenum.o
                0x00008940                USBHCDControlTransfer
 .text.USBHCDHubDeviceConnected
                0x00008ad0       0xe0 ./usblib/host/usbhostenum.o
                0x00008ad0                USBHCDHubDeviceConnected
 .text.USBHCDHubDeviceDisconnected
                0x00008bb0       0x28 ./usblib/host/usbhostenum.o
                0x00008bb0                USBHCDHubDeviceDisconnected
 .text.USBHCDEnumHandler
                0x00008bd8      0x1a8 ./usblib/host/usbhostenum.o
 .text.USBHCDEP0StateTx
                0x00008d80       0x94 ./usblib/host/usbhostenum.o
 .text.USBHCDDevHubPort
                0x00008e14       0x3c ./usblib/host/usbhostenum.o
                0x00008e14                USBHCDDevHubPort
 .text.USBHCDDevAddress
                0x00008e50       0x40 ./usblib/host/usbhostenum.o
                0x00008e50                USBHCDDevAddress
 .text.USBHCDDevClass
                0x00008e90       0x68 ./usblib/host/usbhostenum.o
                0x00008e90                USBHCDDevClass
 .text.USBHCDDevSubClass
                0x00008ef8       0x68 ./usblib/host/usbhostenum.o
                0x00008ef8                USBHCDDevSubClass
 .text.USBHCDDevProtocol
                0x00008f60       0x68 ./usblib/host/usbhostenum.o
                0x00008f60                USBHCDDevProtocol
 .text.USBHCDFeatureSet
                0x00008fc8      0x108 ./usblib/host/usbhostenum.o
                0x00008fc8                USBHCDFeatureSet
 .text.USBHCDLPMStatus
                0x000090d0       0x3c ./usblib/host/usbhostenum.o
                0x000090d0                USBHCDLPMStatus
 .text.USBHCDLPMSleep
                0x0000910c       0x9c ./usblib/host/usbhostenum.o
                0x0000910c                USBHCDLPMSleep
 .text.USBHCDLPMResume
                0x000091a8       0x18 ./usblib/host/usbhostenum.o
                0x000091a8                USBHCDLPMResume
 .text.USBHSCSISendCommand
                0x000091c0       0xfc ./usblib/host/usbhscsi.o
 .text.USBHSCSIInquiry
                0x000092bc       0x6c ./usblib/host/usbhscsi.o
                0x000092bc                USBHSCSIInquiry
 .text.USBHSCSIReadCapacity
                0x00009328       0x6c ./usblib/host/usbhscsi.o
                0x00009328                USBHSCSIReadCapacity
 .text.USBHSCSIReadCapacities
                0x00009394       0x64 ./usblib/host/usbhscsi.o
                0x00009394                USBHSCSIReadCapacities
 .text.USBHSCSIModeSense6
                0x000093f8       0x6c ./usblib/host/usbhscsi.o
                0x000093f8                USBHSCSIModeSense6
 .text.USBHSCSITestUnitReady
                0x00009464       0x60 ./usblib/host/usbhscsi.o
                0x00009464                USBHSCSITestUnitReady
 .text.USBHSCSIRequestSense
                0x000094c4       0x64 ./usblib/host/usbhscsi.o
                0x000094c4                USBHSCSIRequestSense
 .text.USBHSCSIRead10
                0x00009528       0x9c ./usblib/host/usbhscsi.o
                0x00009528                USBHSCSIRead10
 .text.USBHSCSIWrite10
                0x000095c4       0xa0 ./usblib/host/usbhscsi.o
                0x000095c4                USBHSCSIWrite10
 .text.DataReceived
                0x00009664       0x84 ./usblib/device/usbdaudio.o
 .text.HandleEndpoints
                0x000096e8       0xfc ./usblib/device/usbdaudio.o
 .text.HandleDevice
                0x000097e4      0x17c ./usblib/device/usbdaudio.o
 .text.HandleDisconnect
                0x00009960       0x20 ./usblib/device/usbdaudio.o
 .text.InterfaceChange
                0x00009980       0x54 ./usblib/device/usbdaudio.o
 .text.ConfigChangeHandler
                0x000099d4       0x2c ./usblib/device/usbdaudio.o
 .text.USBDAudioInit
                0x00009a00       0xc0 ./usblib/device/usbdaudio.o
                0x00009a00                USBDAudioInit
 .text.USBDAudioCompositeInit
                0x00009ac0       0xd0 ./usblib/device/usbdaudio.o
                0x00009ac0                USBDAudioCompositeInit
 .text.USBDAudioTerm
                0x00009b90       0x14 ./usblib/device/usbdaudio.o
                0x00009b90                USBDAudioTerm
 .text.HandleRequests
                0x00009ba4      0x23c ./usblib/device/usbdaudio.o
 .text.USBAudioBufferOut
                0x00009de0       0x40 ./usblib/device/usbdaudio.o
                0x00009de0                USBAudioBufferOut
 .text.SetDeferredOpFlag
                0x00009e20       0x3c ./usblib/device/usbdbulk.o
 .text.ProcessDataFromHost
                0x00009e5c       0xb8 ./usblib/device/usbdbulk.o
 .text.ProcessDataToHost
                0x00009f14       0x74 ./usblib/device/usbdbulk.o
 .text.HandleEndpoints
                0x00009f88       0x60 ./usblib/device/usbdbulk.o
 .text.HandleConfigChange
                0x00009fe8       0x48 ./usblib/device/usbdbulk.o
 .text.HandleDevice
                0x0000a030       0xe8 ./usblib/device/usbdbulk.o
 .text.HandleDisconnect
                0x0000a118       0x3c ./usblib/device/usbdbulk.o
 .text.HandleSuspend
                0x0000a154       0x24 ./usblib/device/usbdbulk.o
 .text.HandleResume
                0x0000a178       0x24 ./usblib/device/usbdbulk.o
 .text.BulkTickHandler
                0x0000a19c       0x5c ./usblib/device/usbdbulk.o
 .text.USBDBulkInit
                0x0000a1f8       0x6c ./usblib/device/usbdbulk.o
                0x0000a1f8                USBDBulkInit
 .text.USBDBulkCompositeInit
                0x0000a264       0xc0 ./usblib/device/usbdbulk.o
                0x0000a264                USBDBulkCompositeInit
 .text.USBDBulkTerm
                0x0000a324       0x24 ./usblib/device/usbdbulk.o
                0x0000a324                USBDBulkTerm
 .text.USBDBulkSetRxCBData
                0x0000a348       0x24 ./usblib/device/usbdbulk.o
                0x0000a348                USBDBulkSetRxCBData
 .text.USBDBulkSetTxCBData
                0x0000a36c       0x24 ./usblib/device/usbdbulk.o
                0x0000a36c                USBDBulkSetTxCBData
 .text.USBDBulkPacketWrite
                0x0000a390       0xa0 ./usblib/device/usbdbulk.o
                0x0000a390                USBDBulkPacketWrite
 .text.USBDBulkPacketRead
                0x0000a430       0xe0 ./usblib/device/usbdbulk.o
                0x0000a430                USBDBulkPacketRead
 .text.USBDBulkTxPacketAvailable
                0x0000a510       0x2c ./usblib/device/usbdbulk.o
                0x0000a510                USBDBulkTxPacketAvailable
 .text.USBDBulkRxPacketAvailable
                0x0000a53c       0x60 ./usblib/device/usbdbulk.o
                0x0000a53c                USBDBulkRxPacketAvailable
 .text.USBDBulkPowerStatusSet
                0x0000a59c       0x1c ./usblib/device/usbdbulk.o
                0x0000a59c                USBDBulkPowerStatusSet
 .text.USBDBulkRemoteWakeupRequest
                0x0000a5b8       0x18 ./usblib/device/usbdbulk.o
                0x0000a5b8                USBDBulkRemoteWakeupRequest
 .text.SetDeferredOpFlag
                0x0000a5d0       0x3c ./usblib/device/usbdcdc.o
 .text.DeviceConsumedAllData
                0x0000a60c       0x30 ./usblib/device/usbdcdc.o
 .text.SendBreak
                0x0000a63c       0x5c ./usblib/device/usbdcdc.o
 .text.SendLineCodingChange
                0x0000a698       0x38 ./usblib/device/usbdcdc.o
 .text.SendLineStateChange
                0x0000a6d0       0x3c ./usblib/device/usbdcdc.o
 .text.CheckAndSendBreak
                0x0000a70c       0x3c ./usblib/device/usbdcdc.o
 .text.CheckAndSendLineCodingChange
                0x0000a748       0x28 ./usblib/device/usbdcdc.o
 .text.CheckAndSendLineStateChange
                0x0000a770       0x28 ./usblib/device/usbdcdc.o
 .text.SendSerialState
                0x0000a798       0xec ./usblib/device/usbdcdc.o
 .text.ProcessDataFromHost
                0x0000a884       0xe4 ./usblib/device/usbdcdc.o
                0x0000a884                ProcessDataFromHost
 .text.ProcessNotificationToHost
                0x0000a968       0x78 ./usblib/device/usbdcdc.o
                0x0000a968                ProcessNotificationToHost
 .text.ProcessDataToHost
                0x0000a9e0       0xbc ./usblib/device/usbdcdc.o
                0x0000a9e0                ProcessDataToHost
 .text.HandleEndpoints
                0x0000aa9c       0x84 ./usblib/device/usbdcdc.o
 .text.HandleConfigChange
                0x0000ab20       0x60 ./usblib/device/usbdcdc.o
 .text.HandleEP0Data
                0x0000ab80       0x84 ./usblib/device/usbdcdc.o
 .text.HandleDevice
                0x0000ac04      0x15c ./usblib/device/usbdcdc.o
 .text.HandleRequests
                0x0000ad60      0x2dc ./usblib/device/usbdcdc.o
 .text.HandleDisconnect
                0x0000b03c       0x40 ./usblib/device/usbdcdc.o
 .text.HandleSuspend
                0x0000b07c       0x24 ./usblib/device/usbdcdc.o
 .text.HandleResume
                0x0000b0a0       0x24 ./usblib/device/usbdcdc.o
 .text.CDCTickHandler
                0x0000b0c4      0x110 ./usblib/device/usbdcdc.o
 .text.USBDCDCCompositeInit
                0x0000b1d4      0x118 ./usblib/device/usbdcdc.o
                0x0000b1d4                USBDCDCCompositeInit
 .text.USBDCDCInit
                0x0000b2ec       0x84 ./usblib/device/usbdcdc.o
                0x0000b2ec                USBDCDCInit
 .text.USBDCDCTerm
                0x0000b370       0x24 ./usblib/device/usbdcdc.o
                0x0000b370                USBDCDCTerm
 .text.USBDCDCSetControlCBData
                0x0000b394       0x28 ./usblib/device/usbdcdc.o
                0x0000b394                USBDCDCSetControlCBData
 .text.USBDCDCSetRxCBData
                0x0000b3bc       0x28 ./usblib/device/usbdcdc.o
                0x0000b3bc                USBDCDCSetRxCBData
 .text.USBDCDCSetTxCBData
                0x0000b3e4       0x28 ./usblib/device/usbdcdc.o
                0x0000b3e4                USBDCDCSetTxCBData
 .text.USBDCDCPacketWrite
                0x0000b40c       0xa4 ./usblib/device/usbdcdc.o
                0x0000b40c                USBDCDCPacketWrite
 .text.USBDCDCPacketRead
                0x0000b4b0      0x108 ./usblib/device/usbdcdc.o
                0x0000b4b0                USBDCDCPacketRead
 .text.USBDCDCTxPacketAvailable
                0x0000b5b8       0x2c ./usblib/device/usbdcdc.o
                0x0000b5b8                USBDCDCTxPacketAvailable
 .text.USBDCDCRxPacketAvailable
                0x0000b5e4       0x7c ./usblib/device/usbdcdc.o
                0x0000b5e4                USBDCDCRxPacketAvailable
 .text.USBDCDCSerialStateChange
                0x0000b660       0x7c ./usblib/device/usbdcdc.o
                0x0000b660                USBDCDCSerialStateChange
 .text.USBDCDCPowerStatusSet
                0x0000b6dc       0x1c ./usblib/device/usbdcdc.o
                0x0000b6dc                USBDCDCPowerStatusSet
 .text.USBDCDCRemoteWakeupRequest
                0x0000b6f8       0x18 ./usblib/device/usbdcdc.o
                0x0000b6f8                USBDCDCRemoteWakeupRequest
 .text.NextConfigDescGet
                0x0000b710       0x7c ./usblib/device/usbdcdesc.o
 .text.ConfigAlternateInterfaceGet
                0x0000b78c       0x70 ./usblib/device/usbdcdesc.o
 .text.USBDCDConfigDescGetSize
                0x0000b7fc       0x48 ./usblib/device/usbdcdesc.o
                0x0000b7fc                USBDCDConfigDescGetSize
 .text.USBDCDConfigDescGetNum
                0x0000b844       0x60 ./usblib/device/usbdcdesc.o
                0x0000b844                USBDCDConfigDescGetNum
 .text.USBDCDConfigDescGet
                0x0000b8a4       0xa8 ./usblib/device/usbdcdesc.o
                0x0000b8a4                USBDCDConfigDescGet
 .text.USBDCDConfigGetNumAlternateInterfaces
                0x0000b94c       0x58 ./usblib/device/usbdcdesc.o
                0x0000b94c                USBDCDConfigGetNumAlternateInterfaces
 .text.USBDCDConfigGetInterface
                0x0000b9a4       0x40 ./usblib/device/usbdcdesc.o
                0x0000b9a4                USBDCDConfigGetInterface
 .text.USBDCDConfigGetInterfaceEndpoint
                0x0000b9e4       0x78 ./usblib/device/usbdcdesc.o
                0x0000b9e4                USBDCDConfigGetInterfaceEndpoint
 .text.InterfaceToIndex
                0x0000ba5c       0x58 ./usblib/device/usbdcomp.o
 .text.EndpointToIndex
                0x0000bab4       0x70 ./usblib/device/usbdcomp.o
 .text.GetDescriptor
                0x0000bb24       0xc8 ./usblib/device/usbdcomp.o
 .text.SuspendHandler
                0x0000bbec       0x7c ./usblib/device/usbdcomp.o
 .text.ResumeHandler
                0x0000bc68       0x7c ./usblib/device/usbdcomp.o
 .text.ResetHandler
                0x0000bce4       0x7c ./usblib/device/usbdcomp.o
 .text.DataSent
                0x0000bd60       0x60 ./usblib/device/usbdcomp.o
 .text.DataReceived
                0x0000bdc0       0x60 ./usblib/device/usbdcomp.o
 .text.HandleEndpoints
                0x0000be20       0x68 ./usblib/device/usbdcomp.o
 .text.HandleDevice
                0x0000be88       0xb4 ./usblib/device/usbdcomp.o
 .text.HandleDisconnect
                0x0000bf3c       0x78 ./usblib/device/usbdcomp.o
 .text.InterfaceChange
                0x0000bfb4       0x74 ./usblib/device/usbdcomp.o
 .text.ConfigChangeHandler
                0x0000c028       0x68 ./usblib/device/usbdcomp.o
 .text.HandleRequests
                0x0000c090       0xc8 ./usblib/device/usbdcomp.o
 .text.CompositeIfaceChange
                0x0000c158       0x40 ./usblib/device/usbdcomp.o
 .text.CompositeEPChange
                0x0000c198       0x48 ./usblib/device/usbdcomp.o
 .text.BuildCompositeDescriptor
                0x0000c1e0      0x348 ./usblib/device/usbdcomp.o
                0x0000c1e0                BuildCompositeDescriptor
 .text.USBDCompositeInit
                0x0000c528      0x164 ./usblib/device/usbdcomp.o
                0x0000c528                USBDCompositeInit
 .text.USBDCompositeTerm
                0x0000c68c       0x14 ./usblib/device/usbdcomp.o
                0x0000c68c                USBDCompositeTerm
 .text.GetEndpointFIFOSize
                0x0000c6a0       0x4c ./usblib/device/usbdconfig.o
 .text.GetEPDescriptorType
                0x0000c6ec       0xa4 ./usblib/device/usbdconfig.o
 .text.USBDeviceConfig
                0x0000c790      0x24c ./usblib/device/usbdconfig.o
                0x0000c790                USBDeviceConfig
 .text.USBDeviceConfigAlternate
                0x0000c9dc       0xcc ./usblib/device/usbdconfig.o
                0x0000c9dc                USBDeviceConfigAlternate
 .text.HandleDevice
                0x0000caa8       0x34 ./usblib/device/usbddfu-rt.o
 .text.HandleGetDescriptor
                0x0000cadc       0x60 ./usblib/device/usbddfu-rt.o
 .text.HandleRequest
                0x0000cb3c       0x50 ./usblib/device/usbddfu-rt.o
 .text.USBDDFUCompositeInit
                0x0000cb8c       0x7c ./usblib/device/usbddfu-rt.o
                0x0000cb8c                USBDDFUCompositeInit
 .text.USBDDFUCompositeTerm
                0x0000cc08       0x20 ./usblib/device/usbddfu-rt.o
                0x0000cc08                USBDDFUCompositeTerm
 .text.USBDDFUUpdateBegin
                0x0000cc28       0xac ./usblib/device/usbddfu-rt.o
                0x0000cc28                USBDDFUUpdateBegin
 .text.USBDCDDeviceInfoInit
                0x0000ccd4       0x70 ./usblib/device/usbdenum.o
                0x0000ccd4                USBDCDDeviceInfoInit
 .text.USBDCDInit
                0x0000cd44      0x1f4 ./usblib/device/usbdenum.o
                0x0000cd44                USBDCDInit
 .text.USBDCDTerm
                0x0000cf38       0xa0 ./usblib/device/usbdenum.o
                0x0000cf38                USBDCDTerm
 .text.USBDCDRequestDataEP0
                0x0000cfd8       0x34 ./usblib/device/usbdenum.o
                0x0000cfd8                USBDCDRequestDataEP0
 .text.USBDCDSendDataEP0
                0x0000d00c       0x30 ./usblib/device/usbdenum.o
                0x0000d00c                USBDCDSendDataEP0
 .text.USBDCDSetDefaultConfiguration
                0x0000d03c       0x20 ./usblib/device/usbdenum.o
                0x0000d03c                USBDCDSetDefaultConfiguration
 .text.USBDCDStallEP0
                0x0000d05c       0x30 ./usblib/device/usbdenum.o
                0x0000d05c                USBDCDStallEP0
 .text.USBDCDPowerStatusSet
                0x0000d08c       0x48 ./usblib/device/usbdenum.o
                0x0000d08c                USBDCDPowerStatusSet
 .text.USBDCDFeatureSet
                0x0000d0d4       0xf8 ./usblib/device/usbdenum.o
                0x0000d0d4                USBDCDFeatureSet
 .text.USBDCDRemoteWakeLPM
                0x0000d1cc       0x2c ./usblib/device/usbdenum.o
                0x0000d1cc                USBDCDRemoteWakeLPM
 .text.USBDCDRemoteWakeupRequest
                0x0000d1f8       0x60 ./usblib/device/usbdenum.o
                0x0000d1f8                USBDCDRemoteWakeupRequest
 .text.USBDeviceResumeTickHandler
                0x0000d258       0x80 ./usblib/device/usbdenum.o
                0x0000d258                USBDeviceResumeTickHandler
 .text.USBDReadAndDispatchRequest
                0x0000d2d8       0xb0 ./usblib/device/usbdenum.o
 .text.USBDeviceEnumHandler
                0x0000d388      0x18c ./usblib/device/usbdenum.o
                0x0000d388                USBDeviceEnumHandler
 .text.USBDeviceEnumResetHandler
                0x0000d514       0x74 ./usblib/device/usbdenum.o
                0x0000d514                USBDeviceEnumResetHandler
 .text.USBDGetStatus
                0x0000d588       0xbc ./usblib/device/usbdenum.o
 .text.USBDClearFeature
                0x0000d644      0x108 ./usblib/device/usbdenum.o
 .text.USBDSetFeature
                0x0000d74c       0xd8 ./usblib/device/usbdenum.o
 .text.USBDSetAddress
                0x0000d824       0x40 ./usblib/device/usbdenum.o
 .text.USBDGetDescriptor
                0x0000d864      0x190 ./usblib/device/usbdenum.o
 .text.USBDStringIndexFromRequest
                0x0000d9f4       0xc0 ./usblib/device/usbdenum.o
 .text.USBDSetDescriptor
                0x0000dab4       0x30 ./usblib/device/usbdenum.o
 .text.USBDGetConfiguration
                0x0000dae4       0x58 ./usblib/device/usbdenum.o
 .text.USBDSetConfiguration
                0x0000db3c      0x108 ./usblib/device/usbdenum.o
 .text.USBDGetInterface
                0x0000dc44       0x70 ./usblib/device/usbdenum.o
 .text.USBDSetInterface
                0x0000dcb4      0x100 ./usblib/device/usbdenum.o
 .text.USBDSyncFrame
                0x0000ddb4       0x30 ./usblib/device/usbdenum.o
 .text.USBDEP0StateTx
                0x0000dde4       0xc8 ./usblib/device/usbdenum.o
 .text.USBDEP0StateTxConfig
                0x0000deac      0x210 ./usblib/device/usbdenum.o
 .text.USBDeviceIntHandlerInternal
                0x0000e0bc      0x208 ./usblib/device/usbdenum.o
                0x0000e0bc                USBDeviceIntHandlerInternal
 .text.USB0DeviceIntHandler
                0x0000e2c4       0x2c ./usblib/device/usbdhandler.o
                0x0000e2c4                USB0DeviceIntHandler
 .text.SetDeferredOpFlag
                0x0000e2f0       0x3c ./usblib/device/usbdhid.o
 .text.ClearReportTimer
                0x0000e32c       0x6c ./usblib/device/usbdhid.o
 .text.ClearIdleTimers
                0x0000e398       0x48 ./usblib/device/usbdhid.o
 .text.ProcessIdleTimers
                0x0000e3e0      0x124 ./usblib/device/usbdhid.o
 .text.SetIdleTimeout
                0x0000e504       0x98 ./usblib/device/usbdhid.o
 .text.GetIdleTimeout
                0x0000e59c       0x58 ./usblib/device/usbdhid.o
 .text.FindHIDDescriptor
                0x0000e5f4       0xc0 ./usblib/device/usbdhid.o
 .text.ScheduleReportTransmission
                0x0000e6b4       0x90 ./usblib/device/usbdhid.o
 .text.ProcessDataFromHost
                0x0000e744       0xb8 ./usblib/device/usbdhid.o
 .text.ProcessDataToHost
                0x0000e7fc       0x98 ./usblib/device/usbdhid.o
 .text.HandleEndpoints
                0x0000e894       0x60 ./usblib/device/usbdhid.o
 .text.HandleConfigChange
                0x0000e8f4       0x58 ./usblib/device/usbdhid.o
 .text.HandleDevice
                0x0000e94c       0xec ./usblib/device/usbdhid.o
 .text.HandleDisconnect
                0x0000ea38       0x38 ./usblib/device/usbdhid.o
 .text.HandleGetDescriptor
                0x0000ea70       0xc8 ./usblib/device/usbdhid.o
 .text.HandleRequest
                0x0000eb38      0x238 ./usblib/device/usbdhid.o
 .text.HandleEP0DataReceived
                0x0000ed70       0x50 ./usblib/device/usbdhid.o
 .text.HandleEP0DataSent
                0x0000edc0       0x44 ./usblib/device/usbdhid.o
 .text.HandleReset
                0x0000ee04       0x14 ./usblib/device/usbdhid.o
 .text.HandleSuspend
                0x0000ee18       0x24 ./usblib/device/usbdhid.o
 .text.HandleResume
                0x0000ee3c       0x24 ./usblib/device/usbdhid.o
 .text.HIDTickHandler
                0x0000ee60       0x70 ./usblib/device/usbdhid.o
 .text.USBDHIDInit
                0x0000eed0       0x44 ./usblib/device/usbdhid.o
                0x0000eed0                USBDHIDInit
 .text.USBDHIDCompositeInit
                0x0000ef14      0x18c ./usblib/device/usbdhid.o
                0x0000ef14                USBDHIDCompositeInit
 .text.USBDHIDTerm
                0x0000f0a0       0x20 ./usblib/device/usbdhid.o
                0x0000f0a0                USBDHIDTerm
 .text.USBDHIDSetRxCBData
                0x0000f0c0       0x24 ./usblib/device/usbdhid.o
                0x0000f0c0                USBDHIDSetRxCBData
 .text.USBDHIDSetTxCBData
                0x0000f0e4       0x24 ./usblib/device/usbdhid.o
                0x0000f0e4                USBDHIDSetTxCBData
 .text.USBDHIDReportWrite
                0x0000f108       0x84 ./usblib/device/usbdhid.o
                0x0000f108                USBDHIDReportWrite
 .text.USBDHIDPacketRead
                0x0000f18c       0xe0 ./usblib/device/usbdhid.o
                0x0000f18c                USBDHIDPacketRead
 .text.USBDHIDTxPacketAvailable
                0x0000f26c       0x2c ./usblib/device/usbdhid.o
                0x0000f26c                USBDHIDTxPacketAvailable
 .text.USBDHIDRxPacketAvailable
                0x0000f298       0x60 ./usblib/device/usbdhid.o
                0x0000f298                USBDHIDRxPacketAvailable
 .text.USBDHIDPowerStatusSet
                0x0000f2f8       0x1c ./usblib/device/usbdhid.o
                0x0000f2f8                USBDHIDPowerStatusSet
 .text.USBDHIDRemoteWakeupRequest
                0x0000f314       0x18 ./usblib/device/usbdhid.o
                0x0000f314                USBDHIDRemoteWakeupRequest
 .text.HIDKeyboardRxHandler
                0x0000f32c      0x134 ./usblib/device/usbdhidkeyb.o
 .text.HIDKeyboardTxHandler
                0x0000f460       0x74 ./usblib/device/usbdhidkeyb.o
 .text.AddKeyToPressedList
                0x0000f4d4       0x80 ./usblib/device/usbdhidkeyb.o
 .text.RemoveKeyFromPressedList
                0x0000f554       0x8c ./usblib/device/usbdhidkeyb.o
 .text.USBDHIDKeyboardInit
                0x0000f5e0       0x58 ./usblib/device/usbdhidkeyb.o
                0x0000f5e0                USBDHIDKeyboardInit
 .text.USBDHIDKeyboardCompositeInit
                0x0000f638      0x118 ./usblib/device/usbdhidkeyb.o
                0x0000f638                USBDHIDKeyboardCompositeInit
 .text.USBDHIDKeyboardTerm
                0x0000f750       0x24 ./usblib/device/usbdhidkeyb.o
                0x0000f750                USBDHIDKeyboardTerm
 .text.USBDHIDKeyboardSetCBData
                0x0000f774       0x28 ./usblib/device/usbdhidkeyb.o
                0x0000f774                USBDHIDKeyboardSetCBData
 .text.USBDHIDKeyboardKeyStateChange
                0x0000f79c       0xec ./usblib/device/usbdhidkeyb.o
                0x0000f79c                USBDHIDKeyboardKeyStateChange
 .text.USBDHIDKeyboardPowerStatusSet
                0x0000f888       0x28 ./usblib/device/usbdhidkeyb.o
                0x0000f888                USBDHIDKeyboardPowerStatusSet
 .text.USBDHIDKeyboardRemoteWakeupRequest
                0x0000f8b0       0x24 ./usblib/device/usbdhidkeyb.o
                0x0000f8b0                USBDHIDKeyboardRemoteWakeupRequest
 .text.HIDMouseRxHandler
                0x0000f8d4       0xe8 ./usblib/device/usbdhidmouse.o
 .text.HIDMouseTxHandler
                0x0000f9bc       0x44 ./usblib/device/usbdhidmouse.o
 .text.USBDHIDMouseInit
                0x0000fa00       0x58 ./usblib/device/usbdhidmouse.o
                0x0000fa00                USBDHIDMouseInit
 .text.USBDHIDMouseCompositeInit
                0x0000fa58       0xe8 ./usblib/device/usbdhidmouse.o
                0x0000fa58                USBDHIDMouseCompositeInit
 .text.USBDHIDMouseTerm
                0x0000fb40       0x24 ./usblib/device/usbdhidmouse.o
                0x0000fb40                USBDHIDMouseTerm
 .text.USBDHIDMouseSetCBData
                0x0000fb64       0x28 ./usblib/device/usbdhidmouse.o
                0x0000fb64                USBDHIDMouseSetCBData
 .text.USBDHIDMouseStateChange
                0x0000fb8c       0x80 ./usblib/device/usbdhidmouse.o
                0x0000fb8c                USBDHIDMouseStateChange
 .text.USBDHIDMousePowerStatusSet
                0x0000fc0c       0x28 ./usblib/device/usbdhidmouse.o
                0x0000fc0c                USBDHIDMousePowerStatusSet
 .text.USBDHIDMouseRemoteWakeupRequest
                0x0000fc34       0x28 ./usblib/device/usbdhidmouse.o
                0x0000fc34                USBDHIDMouseRemoteWakeupRequest
 .text.USBDMSCMediaChange
                0x0000fc5c       0x24 ./usblib/device/usbdmsc.o
                0x0000fc5c                USBDMSCMediaChange
 .text.HandleEndpoints
                0x0000fc80      0x450 ./usblib/device/usbdmsc.o
 .text.HandleDevice
                0x000100d0      0x264 ./usblib/device/usbdmsc.o
 .text.HandleDisconnect
                0x00010334       0x40 ./usblib/device/usbdmsc.o
 .text.ConfigChangeHandler
                0x00010374      0x1b4 ./usblib/device/usbdmsc.o
 .text.USBDMSCInit
                0x00010528       0x64 ./usblib/device/usbdmsc.o
                0x00010528                USBDMSCInit
 .text.USBDMSCCompositeInit
                0x0001058c      0x120 ./usblib/device/usbdmsc.o
                0x0001058c                USBDMSCCompositeInit
 .text.USBDMSCTerm
                0x000106ac       0x30 ./usblib/device/usbdmsc.o
                0x000106ac                USBDMSCTerm
 .text.HandleRequests
                0x000106dc       0x5c ./usblib/device/usbdmsc.o
 .text.USBDSCSIInquiry
                0x00010738       0xf8 ./usblib/device/usbdmsc.o
 .text.USBDSCSIReadCapacities
                0x00010830      0x144 ./usblib/device/usbdmsc.o
 .text.USBDSCSIReadCapacity
                0x00010974      0x144 ./usblib/device/usbdmsc.o
 .text.USBDSCSIRequestSense
                0x00010ab8       0xc8 ./usblib/device/usbdmsc.o
 .text.USBDSCSIRead10
                0x00010b80      0x168 ./usblib/device/usbdmsc.o
 .text.USBDSCSIWrite10
                0x00010ce8      0x124 ./usblib/device/usbdmsc.o
 .text.USBDSCSIModeSense6
                0x00010e0c       0xdc ./usblib/device/usbdmsc.o
 .text.USBDSCSISendStatus
                0x00010ee8       0x68 ./usblib/device/usbdmsc.o
 .text.USBDSCSIPreventAllowMediumRemoval
                0x00010f50       0xa8 ./usblib/device/usbdmsc.o
 .text.USBDSCSIStartStopUnit
                0x00010ff8      0x118 ./usblib/device/usbdmsc.o
 .text.USBDSCSICommand
                0x00011110      0x230 ./usblib/device/usbdmsc.o
                0x00011110                USBDSCSICommand
 .text.TickTimerSetup
                0x00011340       0x34 ./hal/HAL.o
                0x00011340                TickTimerSetup
 .text.OSRTCSetup
                0x00011374        0xc ./hal/HAL.o
                0x00011374                OSRTCSetup
 .text.TickTimer
                0x00011380       0x1c ./hal/HAL.o
                0x00011380                TickTimer
 .text.SwitchContext
                0x0001139c       0xc4 ./hal/HAL.o
                0x0001139c                SwitchContext
 .text.SwitchContextToFirstTask
                0x00011460       0x4c ./hal/HAL.o
                0x00011460                SwitchContextToFirstTask
 .text.CreateVirtualStack
                0x000114ac      0x12c ./hal/HAL.o
                0x000114ac                CreateVirtualStack
 .text.OS_CPU_SR_Save
                0x000115d8       0x1c ./hal/HAL.o
                0x000115d8                OS_CPU_SR_Save
 .text.OS_CPU_SR_Restore
                0x000115f4       0x18 ./hal/HAL.o
                0x000115f4                OS_CPU_SR_Restore
 .text.CPUcpsid
                0x0001160c       0x10 ./driverlib/cpu.o
                0x0001160c                CPUcpsid
 .text.CPUprimask
                0x0001161c        0xc ./driverlib/cpu.o
                0x0001161c                CPUprimask
 .text.CPUcpsie
                0x00011628       0x10 ./driverlib/cpu.o
                0x00011628                CPUcpsie
 .text.CPUwfi   0x00011638        0x4 ./driverlib/cpu.o
                0x00011638                CPUwfi
 .text.CPUbasepriSet
                0x0001163c        0x8 ./driverlib/cpu.o
                0x0001163c                CPUbasepriSet
 .text.CPUbasepriGet
                0x00011644        0xc ./driverlib/cpu.o
                0x00011644                CPUbasepriGet
 .text.FPUEnable
                0x00011650       0x1c ./driverlib/fpu.o
                0x00011650                FPUEnable
 .text.FPUDisable
                0x0001166c       0x1c ./driverlib/fpu.o
                0x0001166c                FPUDisable
 .text.FPUStackingEnable
                0x00011688       0x20 ./driverlib/fpu.o
                0x00011688                FPUStackingEnable
 .text.FPULazyStackingEnable
                0x000116a8       0x1c ./driverlib/fpu.o
                0x000116a8                FPULazyStackingEnable
 .text.FPUStackingDisable
                0x000116c4       0x1c ./driverlib/fpu.o
                0x000116c4                FPUStackingDisable
 .text.FPUHalfPrecisionModeSet
                0x000116e0       0x28 ./driverlib/fpu.o
                0x000116e0                FPUHalfPrecisionModeSet
 .text.FPUNaNModeSet
                0x00011708       0x28 ./driverlib/fpu.o
                0x00011708                FPUNaNModeSet
 .text.FPUFlushToZeroModeSet
                0x00011730       0x28 ./driverlib/fpu.o
                0x00011730                FPUFlushToZeroModeSet
 .text.FPURoundingModeSet
                0x00011758       0x28 ./driverlib/fpu.o
                0x00011758                FPURoundingModeSet
 .text._GPIOIntNumberGet
                0x00011780       0x78 ./driverlib/gpio.o
 .text.GPIODirModeSet
                0x000117f8       0x78 ./driverlib/gpio.o
                0x000117f8                GPIODirModeSet
 .text.GPIODirModeGet
                0x00011870       0x5c ./driverlib/gpio.o
                0x00011870                GPIODirModeGet
 .text.GPIOIntTypeSet
                0x000118cc       0xd8 ./driverlib/gpio.o
                0x000118cc                GPIOIntTypeSet
 .text.GPIOIntTypeGet
                0x000119a4       0x98 ./driverlib/gpio.o
                0x000119a4                GPIOIntTypeGet
 .text.GPIOPadConfigSet
                0x00011a3c      0x2b8 ./driverlib/gpio.o
                0x00011a3c                GPIOPadConfigSet
 .text.GPIOPadConfigGet
                0x00011cf4      0x170 ./driverlib/gpio.o
                0x00011cf4                GPIOPadConfigGet
 .text.GPIOIntEnable
                0x00011e64       0x28 ./driverlib/gpio.o
                0x00011e64                GPIOIntEnable
 .text.GPIOIntDisable
                0x00011e8c       0x2c ./driverlib/gpio.o
                0x00011e8c                GPIOIntDisable
 .text.GPIOIntStatus
                0x00011eb8       0x30 ./driverlib/gpio.o
                0x00011eb8                GPIOIntStatus
 .text.GPIOIntClear
                0x00011ee8       0x20 ./driverlib/gpio.o
                0x00011ee8                GPIOIntClear
 .text.GPIOIntRegister
                0x00011f08       0x28 ./driverlib/gpio.o
                0x00011f08                GPIOIntRegister
 .text.GPIOIntUnregister
                0x00011f30       0x24 ./driverlib/gpio.o
                0x00011f30                GPIOIntUnregister
 .text.GPIOPinRead
                0x00011f54       0x24 ./driverlib/gpio.o
                0x00011f54                GPIOPinRead
 .text.GPIOPinWrite
                0x00011f78       0x28 ./driverlib/gpio.o
                0x00011f78                GPIOPinWrite
 .text.GPIOPinTypeADC
                0x00011fa0       0x2c ./driverlib/gpio.o
                0x00011fa0                GPIOPinTypeADC
 .text.GPIOPinTypeCAN
                0x00011fcc       0x2c ./driverlib/gpio.o
                0x00011fcc                GPIOPinTypeCAN
 .text.GPIOPinTypeComparator
                0x00011ff8       0x2c ./driverlib/gpio.o
                0x00011ff8                GPIOPinTypeComparator
 .text.GPIOPinTypeEPI
                0x00012024       0x2c ./driverlib/gpio.o
                0x00012024                GPIOPinTypeEPI
 .text.GPIOPinTypeEthernetLED
                0x00012050       0x2c ./driverlib/gpio.o
                0x00012050                GPIOPinTypeEthernetLED
 .text.GPIOPinTypeEthernetMII
                0x0001207c       0x2c ./driverlib/gpio.o
                0x0001207c                GPIOPinTypeEthernetMII
 .text.GPIOPinTypeGPIOInput
                0x000120a8       0x2c ./driverlib/gpio.o
                0x000120a8                GPIOPinTypeGPIOInput
 .text.GPIOPinTypeGPIOOutput
                0x000120d4       0x2c ./driverlib/gpio.o
                0x000120d4                GPIOPinTypeGPIOOutput
 .text.GPIOPinTypeGPIOOutputOD
                0x00012100       0x2c ./driverlib/gpio.o
                0x00012100                GPIOPinTypeGPIOOutputOD
 .text.GPIOPinTypeI2C
                0x0001212c       0x2c ./driverlib/gpio.o
                0x0001212c                GPIOPinTypeI2C
 .text.GPIOPinTypeI2CSCL
                0x00012158       0x2c ./driverlib/gpio.o
                0x00012158                GPIOPinTypeI2CSCL
 .text.GPIOPinTypeLCD
                0x00012184       0x2c ./driverlib/gpio.o
                0x00012184                GPIOPinTypeLCD
 .text.GPIOPinTypeLPC
                0x000121b0       0x2c ./driverlib/gpio.o
                0x000121b0                GPIOPinTypeLPC
 .text.GPIOPinTypePECIRx
                0x000121dc       0x2c ./driverlib/gpio.o
                0x000121dc                GPIOPinTypePECIRx
 .text.GPIOPinTypePECITx
                0x00012208       0x2c ./driverlib/gpio.o
                0x00012208                GPIOPinTypePECITx
 .text.GPIOPinTypePWM
                0x00012234       0x2c ./driverlib/gpio.o
                0x00012234                GPIOPinTypePWM
 .text.GPIOPinTypeQEI
                0x00012260       0x2c ./driverlib/gpio.o
                0x00012260                GPIOPinTypeQEI
 .text.GPIOPinTypeSSI
                0x0001228c       0x2c ./driverlib/gpio.o
                0x0001228c                GPIOPinTypeSSI
 .text.GPIOPinTypeTimer
                0x000122b8       0x2c ./driverlib/gpio.o
                0x000122b8                GPIOPinTypeTimer
 .text.GPIOPinTypeUART
                0x000122e4       0x2c ./driverlib/gpio.o
                0x000122e4                GPIOPinTypeUART
 .text.GPIOPinTypeUSBAnalog
                0x00012310       0x2c ./driverlib/gpio.o
                0x00012310                GPIOPinTypeUSBAnalog
 .text.GPIOPinTypeUSBDigital
                0x0001233c       0x2c ./driverlib/gpio.o
                0x0001233c                GPIOPinTypeUSBDigital
 .text.GPIOPinTypeWakeHigh
                0x00012368       0x30 ./driverlib/gpio.o
                0x00012368                GPIOPinTypeWakeHigh
 .text.GPIOPinTypeWakeLow
                0x00012398       0x30 ./driverlib/gpio.o
                0x00012398                GPIOPinTypeWakeLow
 .text.GPIOPinTypeKBRow
                0x000123c8       0x2c ./driverlib/gpio.o
                0x000123c8                GPIOPinTypeKBRow
 .text.GPIOPinTypeKBColumn
                0x000123f4       0x2c ./driverlib/gpio.o
                0x000123f4                GPIOPinTypeKBColumn
 .text.GPIOPinTypeLEDSeq
                0x00012420       0x2c ./driverlib/gpio.o
                0x00012420                GPIOPinTypeLEDSeq
 .text.GPIOPinTypeCIR
                0x0001244c       0x2c ./driverlib/gpio.o
                0x0001244c                GPIOPinTypeCIR
 .text.GPIOPinWakeStatus
                0x00012478       0x1c ./driverlib/gpio.o
                0x00012478                GPIOPinWakeStatus
 .text.GPIOPinConfigure
                0x00012494       0x84 ./driverlib/gpio.o
                0x00012494                GPIOPinConfigure
 .text.GPIODMATriggerEnable
                0x00012518       0x2c ./driverlib/gpio.o
                0x00012518                GPIODMATriggerEnable
 .text.GPIODMATriggerDisable
                0x00012544       0x2c ./driverlib/gpio.o
                0x00012544                GPIODMATriggerDisable
 .text.GPIOADCTriggerEnable
                0x00012570       0x2c ./driverlib/gpio.o
                0x00012570                GPIOADCTriggerEnable
 .text.GPIOADCTriggerDisable
                0x0001259c       0x2c ./driverlib/gpio.o
                0x0001259c                GPIOADCTriggerDisable
 .text._IntDefaultHandler
                0x000125c8        0x8 ./driverlib/interrupt.o
 .text.IntMasterEnable
                0x000125d0       0x18 ./driverlib/interrupt.o
                0x000125d0                IntMasterEnable
 .text.IntMasterDisable
                0x000125e8       0x18 ./driverlib/interrupt.o
                0x000125e8                IntMasterDisable
 .text.IntRegister
                0x00012600       0x64 ./driverlib/interrupt.o
                0x00012600                IntRegister
 .text.IntUnregister
                0x00012664       0x24 ./driverlib/interrupt.o
                0x00012664                IntUnregister
 .text.IntPriorityGroupingSet
                0x00012688       0x30 ./driverlib/interrupt.o
                0x00012688                IntPriorityGroupingSet
 .text.IntPriorityGroupingGet
                0x000126b8       0x48 ./driverlib/interrupt.o
                0x000126b8                IntPriorityGroupingGet
 .text.IntPrioritySet
                0x00012700       0x60 ./driverlib/interrupt.o
                0x00012700                IntPrioritySet
 .text.IntPriorityGet
                0x00012760       0x34 ./driverlib/interrupt.o
                0x00012760                IntPriorityGet
 .text.IntEnable
                0x00012794       0x90 ./driverlib/interrupt.o
                0x00012794                IntEnable
 .text.IntDisable
                0x00012824       0x90 ./driverlib/interrupt.o
                0x00012824                IntDisable
 .text.IntIsEnabled
                0x000128b4       0x94 ./driverlib/interrupt.o
                0x000128b4                IntIsEnabled
 .text.IntPendSet
                0x00012948       0x78 ./driverlib/interrupt.o
                0x00012948                IntPendSet
 .text.IntPendClear
                0x000129c0       0x64 ./driverlib/interrupt.o
                0x000129c0                IntPendClear
 .text.IntPriorityMaskSet
                0x00012a24       0x14 ./driverlib/interrupt.o
                0x00012a24                IntPriorityMaskSet
 .text.IntPriorityMaskGet
                0x00012a38       0x10 ./driverlib/interrupt.o
                0x00012a38                IntPriorityMaskGet
 .text.IntTrigger
                0x00012a48       0x20 ./driverlib/interrupt.o
                0x00012a48                IntTrigger
 .text._SysCtlMemTimingGet
                0x00012a68       0x48 ./driverlib/sysctl.o
 .text._SysCtlFrequencyGet
                0x00012ab0       0xa0 ./driverlib/sysctl.o
 .text.SysCtlSRAMSizeGet
                0x00012b50       0x1c ./driverlib/sysctl.o
                0x00012b50                SysCtlSRAMSizeGet
 .text.SysCtlFlashSizeGet
                0x00012b6c       0x48 ./driverlib/sysctl.o
                0x00012b6c                SysCtlFlashSizeGet
 .text.SysCtlFlashSectorSizeGet
                0x00012bb4       0x44 ./driverlib/sysctl.o
                0x00012bb4                SysCtlFlashSectorSizeGet
 .text.SysCtlPeripheralPresent
                0x00012bf8       0x54 ./driverlib/sysctl.o
                0x00012bf8                SysCtlPeripheralPresent
 .text.SysCtlPeripheralReady
                0x00012c4c       0x54 ./driverlib/sysctl.o
                0x00012c4c                SysCtlPeripheralReady
 .text.SysCtlPeripheralPowerOn
                0x00012ca0       0x4c ./driverlib/sysctl.o
                0x00012ca0                SysCtlPeripheralPowerOn
 .text.SysCtlPeripheralPowerOff
                0x00012cec       0x4c ./driverlib/sysctl.o
                0x00012cec                SysCtlPeripheralPowerOff
 .text.SysCtlPeripheralReset
                0x00012d38       0x90 ./driverlib/sysctl.o
                0x00012d38                SysCtlPeripheralReset
 .text.SysCtlPeripheralEnable
                0x00012dc8       0x4c ./driverlib/sysctl.o
                0x00012dc8                SysCtlPeripheralEnable
 .text.SysCtlPeripheralDisable
                0x00012e14       0x4c ./driverlib/sysctl.o
                0x00012e14                SysCtlPeripheralDisable
 .text.SysCtlPeripheralSleepEnable
                0x00012e60       0x4c ./driverlib/sysctl.o
                0x00012e60                SysCtlPeripheralSleepEnable
 .text.SysCtlPeripheralSleepDisable
                0x00012eac       0x4c ./driverlib/sysctl.o
                0x00012eac                SysCtlPeripheralSleepDisable
 .text.SysCtlPeripheralDeepSleepEnable
                0x00012ef8       0x4c ./driverlib/sysctl.o
                0x00012ef8                SysCtlPeripheralDeepSleepEnable
 .text.SysCtlPeripheralDeepSleepDisable
                0x00012f44       0x4c ./driverlib/sysctl.o
                0x00012f44                SysCtlPeripheralDeepSleepDisable
 .text.SysCtlPeripheralClockGating
                0x00012f90       0x78 ./driverlib/sysctl.o
                0x00012f90                SysCtlPeripheralClockGating
 .text.SysCtlIntRegister
                0x00013008       0x1c ./driverlib/sysctl.o
                0x00013008                SysCtlIntRegister
 .text.SysCtlIntUnregister
                0x00013024       0x14 ./driverlib/sysctl.o
                0x00013024                SysCtlIntUnregister
 .text.SysCtlIntEnable
                0x00013038       0x24 ./driverlib/sysctl.o
                0x00013038                SysCtlIntEnable
 .text.SysCtlIntDisable
                0x0001305c       0x24 ./driverlib/sysctl.o
                0x0001305c                SysCtlIntDisable
 .text.SysCtlIntClear
                0x00013080       0x1c ./driverlib/sysctl.o
                0x00013080                SysCtlIntClear
 .text.SysCtlIntStatus
                0x0001309c       0x30 ./driverlib/sysctl.o
                0x0001309c                SysCtlIntStatus
 .text.SysCtlLDOSleepSet
                0x000130cc       0x1c ./driverlib/sysctl.o
                0x000130cc                SysCtlLDOSleepSet
 .text.SysCtlLDOSleepGet
                0x000130e8       0x18 ./driverlib/sysctl.o
                0x000130e8                SysCtlLDOSleepGet
 .text.SysCtlLDODeepSleepSet
                0x00013100       0x1c ./driverlib/sysctl.o
                0x00013100                SysCtlLDODeepSleepSet
 .text.SysCtlLDODeepSleepGet
                0x0001311c       0x18 ./driverlib/sysctl.o
                0x0001311c                SysCtlLDODeepSleepGet
 .text.SysCtlSleepPowerSet
                0x00013134       0x1c ./driverlib/sysctl.o
                0x00013134                SysCtlSleepPowerSet
 .text.SysCtlDeepSleepPowerSet
                0x00013150       0x1c ./driverlib/sysctl.o
                0x00013150                SysCtlDeepSleepPowerSet
 .text.SysCtlReset
                0x0001316c       0x14 ./driverlib/sysctl.o
                0x0001316c                SysCtlReset
 .text.SysCtlSleep
                0x00013180        0xc ./driverlib/sysctl.o
                0x00013180                SysCtlSleep
 .text.SysCtlDeepSleep
                0x0001318c       0x28 ./driverlib/sysctl.o
                0x0001318c                SysCtlDeepSleep
 .text.SysCtlResetCauseGet
                0x000131b4       0x18 ./driverlib/sysctl.o
                0x000131b4                SysCtlResetCauseGet
 .text.SysCtlResetCauseClear
                0x000131cc       0x24 ./driverlib/sysctl.o
                0x000131cc                SysCtlResetCauseClear
 .text.SysCtlDelay
                0x000131f0        0x8 ./driverlib/sysctl.o
                0x000131f0                SysCtlDelay
 .text.SysCtlMOSCConfigSet
                0x000131f8       0x1c ./driverlib/sysctl.o
                0x000131f8                SysCtlMOSCConfigSet
 .text.SysCtlPIOSCCalibrate
                0x00013214       0x74 ./driverlib/sysctl.o
                0x00013214                SysCtlPIOSCCalibrate
 .text.SysCtlResetBehaviorSet
                0x00013288       0x1c ./driverlib/sysctl.o
                0x00013288                SysCtlResetBehaviorSet
 .text.SysCtlResetBehaviorGet
                0x000132a4       0x18 ./driverlib/sysctl.o
                0x000132a4                SysCtlResetBehaviorGet
 .text.SysCtlClockFreqSet
                0x000132bc      0x358 ./driverlib/sysctl.o
                0x000132bc                SysCtlClockFreqSet
 .text.SysCtlClockSet
                0x00013614      0x1f4 ./driverlib/sysctl.o
                0x00013614                SysCtlClockSet
 .text.SysCtlClockGet
                0x00013808      0x214 ./driverlib/sysctl.o
                0x00013808                SysCtlClockGet
 .text.SysCtlDeepSleepClockSet
                0x00013a1c       0x1c ./driverlib/sysctl.o
                0x00013a1c                SysCtlDeepSleepClockSet
 .text.SysCtlDeepSleepClockConfigSet
                0x00013a38       0xa8 ./driverlib/sysctl.o
                0x00013a38                SysCtlDeepSleepClockConfigSet
 .text.SysCtlPWMClockSet
                0x00013ae0       0x28 ./driverlib/sysctl.o
                0x00013ae0                SysCtlPWMClockSet
 .text.SysCtlPWMClockGet
                0x00013b08       0x2c ./driverlib/sysctl.o
                0x00013b08                SysCtlPWMClockGet
 .text.SysCtlGPIOAHBEnable
                0x00013b34       0x2c ./driverlib/sysctl.o
                0x00013b34                SysCtlGPIOAHBEnable
 .text.SysCtlGPIOAHBDisable
                0x00013b60       0x30 ./driverlib/sysctl.o
                0x00013b60                SysCtlGPIOAHBDisable
 .text.SysCtlUSBPLLEnable
                0x00013b90       0x1c ./driverlib/sysctl.o
                0x00013b90                SysCtlUSBPLLEnable
 .text.SysCtlUSBPLLDisable
                0x00013bac       0x1c ./driverlib/sysctl.o
                0x00013bac                SysCtlUSBPLLDisable
 .text.SysCtlVoltageEventConfig
                0x00013bc8       0x1c ./driverlib/sysctl.o
                0x00013bc8                SysCtlVoltageEventConfig
 .text.SysCtlVoltageEventStatus
                0x00013be4       0x18 ./driverlib/sysctl.o
                0x00013be4                SysCtlVoltageEventStatus
 .text.SysCtlVoltageEventClear
                0x00013bfc       0x24 ./driverlib/sysctl.o
                0x00013bfc                SysCtlVoltageEventClear
 .text.SysCtlNMIStatus
                0x00013c20       0x18 ./driverlib/sysctl.o
                0x00013c20                SysCtlNMIStatus
 .text.SysCtlNMIClear
                0x00013c38       0x24 ./driverlib/sysctl.o
                0x00013c38                SysCtlNMIClear
 .text.SysCtlClockOutConfig
                0x00013c5c       0x28 ./driverlib/sysctl.o
                0x00013c5c                SysCtlClockOutConfig
 .text.SysCtlAltClkConfig
                0x00013c84       0x1c ./driverlib/sysctl.o
                0x00013c84                SysCtlAltClkConfig
 .text._TimerIntNumberGet
                0x00013ca0       0x8c ./driverlib/timer.o
 .text.TimerEnable
                0x00013d2c       0x2c ./driverlib/timer.o
                0x00013d2c                TimerEnable
 .text.TimerDisable
                0x00013d58       0x30 ./driverlib/timer.o
                0x00013d58                TimerDisable
 .text.TimerConfigure
                0x00013d88       0xa0 ./driverlib/timer.o
                0x00013d88                TimerConfigure
 .text.TimerControlLevel
                0x00013e28       0x48 ./driverlib/timer.o
                0x00013e28                TimerControlLevel
 .text.TimerControlTrigger
                0x00013e70       0x98 ./driverlib/timer.o
                0x00013e70                TimerControlTrigger
 .text.TimerControlEvent
                0x00013f08       0x3c ./driverlib/timer.o
                0x00013f08                TimerControlEvent
 .text.TimerControlStall
                0x00013f44       0x48 ./driverlib/timer.o
                0x00013f44                TimerControlStall
 .text.TimerControlWaitOnTrigger
                0x00013f8c       0x7c ./driverlib/timer.o
                0x00013f8c                TimerControlWaitOnTrigger
 .text.TimerRTCEnable
                0x00014008       0x24 ./driverlib/timer.o
                0x00014008                TimerRTCEnable
 .text.TimerRTCDisable
                0x0001402c       0x24 ./driverlib/timer.o
                0x0001402c                TimerRTCDisable
 .text.TimerClockSourceSet
                0x00014050       0x20 ./driverlib/timer.o
                0x00014050                TimerClockSourceSet
 .text.TimerClockSourceGet
                0x00014070       0x1c ./driverlib/timer.o
                0x00014070                TimerClockSourceGet
 .text.TimerPrescaleSet
                0x0001408c       0x38 ./driverlib/timer.o
                0x0001408c                TimerPrescaleSet
 .text.TimerPrescaleGet
                0x000140c4       0x2c ./driverlib/timer.o
                0x000140c4                TimerPrescaleGet
 .text.TimerPrescaleMatchSet
                0x000140f0       0x38 ./driverlib/timer.o
                0x000140f0                TimerPrescaleMatchSet
 .text.TimerPrescaleMatchGet
                0x00014128       0x2c ./driverlib/timer.o
                0x00014128                TimerPrescaleMatchGet
 .text.TimerLoadSet
                0x00014154       0x38 ./driverlib/timer.o
                0x00014154                TimerLoadSet
 .text.TimerLoadGet
                0x0001418c       0x2c ./driverlib/timer.o
                0x0001418c                TimerLoadGet
 .text.TimerLoadSet64
                0x000141b8       0x30 ./driverlib/timer.o
                0x000141b8                TimerLoadSet64
 .text.TimerLoadGet64
                0x000141e8       0x54 ./driverlib/timer.o
                0x000141e8                TimerLoadGet64
 .text.TimerValueGet
                0x0001423c       0x2c ./driverlib/timer.o
                0x0001423c                TimerValueGet
 .text.TimerValueGet64
                0x00014268       0x54 ./driverlib/timer.o
                0x00014268                TimerValueGet64
 .text.TimerMatchSet
                0x000142bc       0x38 ./driverlib/timer.o
                0x000142bc                TimerMatchSet
 .text.TimerMatchGet
                0x000142f4       0x2c ./driverlib/timer.o
                0x000142f4                TimerMatchGet
 .text.TimerMatchSet64
                0x00014320       0x30 ./driverlib/timer.o
                0x00014320                TimerMatchSet64
 .text.TimerMatchGet64
                0x00014350       0x54 ./driverlib/timer.o
                0x00014350                TimerMatchGet64
 .text.TimerIntRegister
                0x000143a4       0x2c ./driverlib/timer.o
                0x000143a4                TimerIntRegister
 .text.TimerIntUnregister
                0x000143d0       0x28 ./driverlib/timer.o
                0x000143d0                TimerIntUnregister
 .text.TimerIntEnable
                0x000143f8       0x24 ./driverlib/timer.o
                0x000143f8                TimerIntEnable
 .text.TimerIntDisable
                0x0001441c       0x28 ./driverlib/timer.o
                0x0001441c                TimerIntDisable
 .text.TimerIntStatus
                0x00014444       0x2c ./driverlib/timer.o
                0x00014444                TimerIntStatus
 .text.TimerIntClear
                0x00014470       0x1c ./driverlib/timer.o
                0x00014470                TimerIntClear
 .text.TimerSynchronize
                0x0001448c       0x1c ./driverlib/timer.o
                0x0001448c                TimerSynchronize
 .text.TimerADCEventSet
                0x000144a8       0x1c ./driverlib/timer.o
                0x000144a8                TimerADCEventSet
 .text.TimerADCEventGet
                0x000144c4       0x1c ./driverlib/timer.o
                0x000144c4                TimerADCEventGet
 .text.TimerDMAEventSet
                0x000144e0       0x1c ./driverlib/timer.o
                0x000144e0                TimerDMAEventSet
 .text.TimerDMAEventGet
                0x000144fc       0x1c ./driverlib/timer.o
                0x000144fc                TimerDMAEventGet
 .text.TimerUpdateMode
                0x00014518       0x64 ./driverlib/timer.o
                0x00014518                TimerUpdateMode
 .text._UARTIntNumberGet
                0x0001457c       0x78 ./driverlib/uart.o
 .text.UARTParityModeSet
                0x000145f4       0x28 ./driverlib/uart.o
                0x000145f4                UARTParityModeSet
 .text.UARTParityModeGet
                0x0001461c       0x20 ./driverlib/uart.o
                0x0001461c                UARTParityModeGet
 .text.UARTFIFOLevelSet
                0x0001463c       0x24 ./driverlib/uart.o
                0x0001463c                UARTFIFOLevelSet
 .text.UARTFIFOLevelGet
                0x00014660       0x34 ./driverlib/uart.o
                0x00014660                UARTFIFOLevelGet